Info: Start Nativelink Simulation process
executing command line: ip-make-simscript --nativelink-mode --output-directory=Golden_TOP_iputf_input --spd=C:/home/tst/QAOAHP/main/Base/Simulators/FPGA/NTU_FPGA2/cordicR/cordicR.spd --spd=C:/home/tst/QAOAHP/main/Base/Simulators/FPGA/NTU_FPGA2/pll2.spd --spd=C:/home/tst/QAOAHP/main/Base/Simulators/FPGA/NTU_FPGA2/mulFPF64.spd --spd=C:/home/tst/QAOAHP/main/Base/Simulators/FPGA/NTU_FPGA2/addFPF64.spd --spd=C:/home/tst/QAOAHP/main/Base/Simulators/FPGA/NTU_FPGA2/FP2Fix53.spd --spd=C:/home/tst/QAOAHP/main/Base/Simulators/FPGA/NTU_FPGA2/Fix53toFP64.spd 

========= EDA Simulation Settings =====================

Sim Mode              :  RTL
Family                :  stratixv
Quartus root          :  c:/altera/25.1std/quartus/bin64/
Quartus sim root      :  c:/altera/25.1std/quartus/eda/sim_lib
Simulation Tool       :  questa altera fpga
Simulation Language   :  systemverilog
Simulation Mode       :  GUI
Sim Output File       :  
Sim SDF file          :  
Sim dir               :  simulation\questa

=======================================================

Info: Starting NativeLink simulation with Questa Altera FPGA software
Sourced NativeLink script c:/altera/25.1std/quartus/common/tcl/internal/nativelink/modelsim.tcl
Warning: File Golden_TOP_run_msim_rtl_systemverilog.do already exists - backing up current file as Golden_TOP_run_msim_rtl_systemverilog.do.bak1
Info: Spawning Questa Altera FPGA Simulation software 
Info: NativeLink simulation flow was successful
