Info: Starting: Create simulation model
Info: qsys-generate C:\home\QAOAHP\main\Base\Simulators\FPGA\NTU_FPGA2\cordicR.qsys --simulation=VERILOG --allow-mixed-language-simulation --output-directory=C:\home\QAOAHP\main\Base\Simulators\FPGA\NTU_FPGA2\cordicR\simulation --family="Stratix V" --part=5SGXEABN3F45I3YY
Progress: Loading NTU_FPGA2/cordicR.qsys
Progress: Reading input file
Progress: Adding CORDIC_0 [altera_CORDIC 25.1]
Progress: Parameterizing module CORDIC_0
Progress: Building connections
Progress: Parameterizing connections
Progress: Validating
Progress: Done reading input file
Info: cordicR: Generating "cordicR" for SIM_VERILOG
Info: CORDIC_0: C:/altera/25.1std/quartus/dspba/backend/windows64/cmdPolyEval -target StratixV -frequency 400 -name none -noChanValid -faithfulRounding -printMachineReadable -noFileGenerate -speedgrade 3_H3 FXPSinCosCordic 56 53 1 53
Info: CORDIC_0: C:/altera/25.1std/quartus/dspba/backend/windows64/cmdPolyEval -target StratixV -frequency 600 -name none -noChanValid -faithfulRounding -printMachineReadable -noFileGenerate -speedgrade 3_H3 FXPSinCosCordic 56 53 1 53
Info: CORDIC_0: C:/altera/25.1std/quartus/dspba/backend/windows64/cmdPolyEval -target StratixV -frequency 500 -name none -noChanValid -faithfulRounding -printMachineReadable -noFileGenerate -speedgrade 3_H3 FXPSinCosCordic 56 53 1 53
Info: CORDIC_0: C:/altera/25.1std/quartus/dspba/backend/windows64/cmdPolyEval -target StratixV -frequency 550 -name none -noChanValid -faithfulRounding -printMachineReadable -noFileGenerate -speedgrade 3_H3 FXPSinCosCordic 56 53 1 53
Info: CORDIC_0: C:/altera/25.1std/quartus/dspba/backend/windows64/cmdPolyEval -target StratixV -frequency 525 -name none -noChanValid -faithfulRounding -printMachineReadable -noFileGenerate -speedgrade 3_H3 FXPSinCosCordic 56 53 1 53
Info: CORDIC_0: C:/altera/25.1std/quartus/dspba/backend/windows64/cmdPolyEval -target StratixV -frequency 512 -name none -noChanValid -faithfulRounding -printMachineReadable -noFileGenerate -speedgrade 3_H3 FXPSinCosCordic 56 53 1 53
Info: CORDIC_0: C:/altera/25.1std/quartus/dspba/backend/windows64/cmdPolyEval -target StratixV -frequency 505 -name none -noChanValid -faithfulRounding -printMachineReadable -noFileGenerate -speedgrade 3_H3 FXPSinCosCordic 56 53 1 53
Info: CORDIC_0: C:/altera/25.1std/quartus/dspba/backend/windows64/cmdPolyEval -target StratixV -frequency 509 -name none -noChanValid -faithfulRounding -printMachineReadable -noFileGenerate -speedgrade 3_H3 FXPSinCosCordic 56 53 1 53
Info: CORDIC_0: C:/altera/25.1std/quartus/dspba/backend/windows64/cmdPolyEval -target StratixV -frequency 507 -name none -noChanValid -faithfulRounding -printMachineReadable -noFileGenerate -speedgrade 3_H3 FXPSinCosCordic 56 53 1 53
Info: CORDIC_0: C:/altera/25.1std/quartus/dspba/backend/windows64/cmdPolyEval -target StratixV -frequency 506 -name none -noChanValid -faithfulRounding -printMachineReadable -noFileGenerate -speedgrade 3_H3 FXPSinCosCordic 56 53 1 53
Info: CORDIC_0: C:/altera/25.1std/quartus/dspba/backend/windows64/cmdPolyEval -target StratixV -frequency 505 -name none -noChanValid -faithfulRounding -printMachineReadable -noFileGenerate -speedgrade 3_H3 FXPSinCosCordic 56 53 1 53
Info: CORDIC_0: C:/altera/25.1std/quartus/dspba/backend/windows64/cmdPolyEval -target StratixV -frequency 506 -name none -noChanValid -faithfulRounding -printMachineReadable -noFileGenerate -speedgrade 3_H3 FXPSinCosCordic 56 53 1 53
Info: CORDIC_0: Could achieve 172 cycles latency maximum at Frequency 505 MHz, padding with registers to reach requested 172 cycles latency
Info: CORDIC_0: C:/altera/25.1std/quartus/dspba/backend/windows64/cmdPolyEval -target StratixV -frequency 505 -name cordicR_CORDIC_0 -noChanValid -faithfulRounding -printMachineReadable -lang VHDL -constrainLatency 172 -speedgrade 3_H3 FXPSinCosCordic 56 53 1 53
Info: CORDIC_0: DSP Blocks Used: 0
Info: CORDIC_0: LUTs Used: 31201
Info: CORDIC_0: Memory Bits Used: 0
Info: CORDIC_0: Memory Blocks Used: 0
Info: CORDIC_0: "cordicR" instantiated altera_CORDIC "CORDIC_0"
Info: cordicR: Done "cordicR" with 2 modules, 4 files
Info: qsys-generate succeeded.
Info: Finished: Create simulation model
Info: Starting: Create Modelsim Project.
Info: sim-script-gen --spd=C:\home\QAOAHP\main\Base\Simulators\FPGA\NTU_FPGA2\cordicR\cordicR.spd --output-directory=C:/home/QAOAHP/main/Base/Simulators/FPGA/NTU_FPGA2/cordicR/simulation/ --use-relative-paths=true
Info: Doing: ip-make-simscript --spd=C:\home\QAOAHP\main\Base\Simulators\FPGA\NTU_FPGA2\cordicR\cordicR.spd --output-directory=C:/home/QAOAHP/main/Base/Simulators/FPGA/NTU_FPGA2/cordicR/simulation/ --use-relative-paths=true
Info: Generating the following file(s) for RIVIERA simulator in C:/home/QAOAHP/main/Base/Simulators/FPGA/NTU_FPGA2/cordicR/simulation/ directory:
Info: 	aldec/rivierapro_setup.tcl
Info: Generating the following file(s) for MODELSIM simulator in C:/home/QAOAHP/main/Base/Simulators/FPGA/NTU_FPGA2/cordicR/simulation/ directory:
Info: 	mentor/msim_setup.tcl
Info: For information on how to simulate your IP, see the explanatory comments in the simulator-specific subdirectories under C:/home/QAOAHP/main/Base/Simulators/FPGA/NTU_FPGA2/cordicR/simulation/.
Info: Regenerate these scripts whenever you make any change to any Quartus-generated IP in your project.
Info: Finished: Create Modelsim Project.
Info: Starting: Create block symbol file (.bsf)
Info: qsys-generate C:\home\QAOAHP\main\Base\Simulators\FPGA\NTU_FPGA2\cordicR.qsys --block-symbol-file --output-directory=C:\home\QAOAHP\main\Base\Simulators\FPGA\NTU_FPGA2\cordicR --family="Stratix V" --part=5SGXEABN3F45I3YY
Progress: Loading NTU_FPGA2/cordicR.qsys
Progress: Reading input file
Progress: Adding CORDIC_0 [altera_CORDIC 25.1]
Progress: Parameterizing module CORDIC_0
Progress: Building connections
Progress: Parameterizing connections
Progress: Validating
Progress: Done reading input file
Info: qsys-generate succeeded.
Info: Finished: Create block symbol file (.bsf)
Info: 
Info: Starting: Create HDL design files for synthesis
Info: qsys-generate C:\home\QAOAHP\main\Base\Simulators\FPGA\NTU_FPGA2\cordicR.qsys --synthesis=VERILOG --greybox --output-directory=C:\home\QAOAHP\main\Base\Simulators\FPGA\NTU_FPGA2\cordicR\synthesis --family="Stratix V" --part=5SGXEABN3F45I3YY
Progress: Loading NTU_FPGA2/cordicR.qsys
Progress: Reading input file
Progress: Adding CORDIC_0 [altera_CORDIC 25.1]
Progress: Parameterizing module CORDIC_0
Progress: Building connections
Progress: Parameterizing connections
Progress: Validating
Progress: Done reading input file
Info: cordicR: Generating "cordicR" for QUARTUS_SYNTH
Info: CORDIC_0: C:/altera/25.1std/quartus/dspba/backend/windows64/cmdPolyEval -target StratixV -frequency 400 -name none -noChanValid -faithfulRounding -printMachineReadable -noFileGenerate -speedgrade 3_H3 FXPSinCosCordic 56 53 1 53
Info: CORDIC_0: C:/altera/25.1std/quartus/dspba/backend/windows64/cmdPolyEval -target StratixV -frequency 600 -name none -noChanValid -faithfulRounding -printMachineReadable -noFileGenerate -speedgrade 3_H3 FXPSinCosCordic 56 53 1 53
Info: CORDIC_0: C:/altera/25.1std/quartus/dspba/backend/windows64/cmdPolyEval -target StratixV -frequency 500 -name none -noChanValid -faithfulRounding -printMachineReadable -noFileGenerate -speedgrade 3_H3 FXPSinCosCordic 56 53 1 53
Info: CORDIC_0: C:/altera/25.1std/quartus/dspba/backend/windows64/cmdPolyEval -target StratixV -frequency 550 -name none -noChanValid -faithfulRounding -printMachineReadable -noFileGenerate -speedgrade 3_H3 FXPSinCosCordic 56 53 1 53
Info: CORDIC_0: C:/altera/25.1std/quartus/dspba/backend/windows64/cmdPolyEval -target StratixV -frequency 525 -name none -noChanValid -faithfulRounding -printMachineReadable -noFileGenerate -speedgrade 3_H3 FXPSinCosCordic 56 53 1 53
Info: CORDIC_0: C:/altera/25.1std/quartus/dspba/backend/windows64/cmdPolyEval -target StratixV -frequency 512 -name none -noChanValid -faithfulRounding -printMachineReadable -noFileGenerate -speedgrade 3_H3 FXPSinCosCordic 56 53 1 53
Info: CORDIC_0: C:/altera/25.1std/quartus/dspba/backend/windows64/cmdPolyEval -target StratixV -frequency 505 -name none -noChanValid -faithfulRounding -printMachineReadable -noFileGenerate -speedgrade 3_H3 FXPSinCosCordic 56 53 1 53
Info: CORDIC_0: C:/altera/25.1std/quartus/dspba/backend/windows64/cmdPolyEval -target StratixV -frequency 509 -name none -noChanValid -faithfulRounding -printMachineReadable -noFileGenerate -speedgrade 3_H3 FXPSinCosCordic 56 53 1 53
Info: CORDIC_0: C:/altera/25.1std/quartus/dspba/backend/windows64/cmdPolyEval -target StratixV -frequency 507 -name none -noChanValid -faithfulRounding -printMachineReadable -noFileGenerate -speedgrade 3_H3 FXPSinCosCordic 56 53 1 53
Info: CORDIC_0: C:/altera/25.1std/quartus/dspba/backend/windows64/cmdPolyEval -target StratixV -frequency 506 -name none -noChanValid -faithfulRounding -printMachineReadable -noFileGenerate -speedgrade 3_H3 FXPSinCosCordic 56 53 1 53
Info: CORDIC_0: C:/altera/25.1std/quartus/dspba/backend/windows64/cmdPolyEval -target StratixV -frequency 505 -name none -noChanValid -faithfulRounding -printMachineReadable -noFileGenerate -speedgrade 3_H3 FXPSinCosCordic 56 53 1 53
Info: CORDIC_0: C:/altera/25.1std/quartus/dspba/backend/windows64/cmdPolyEval -target StratixV -frequency 506 -name none -noChanValid -faithfulRounding -printMachineReadable -noFileGenerate -speedgrade 3_H3 FXPSinCosCordic 56 53 1 53
Info: CORDIC_0: Could achieve 172 cycles latency maximum at Frequency 505 MHz, padding with registers to reach requested 172 cycles latency
Info: CORDIC_0: C:/altera/25.1std/quartus/dspba/backend/windows64/cmdPolyEval -target StratixV -frequency 505 -name cordicR_CORDIC_0 -noChanValid -faithfulRounding -printMachineReadable -lang VHDL -constrainLatency 172 -speedgrade 3_H3 FXPSinCosCordic 56 53 1 53
Info: CORDIC_0: DSP Blocks Used: 0
Info: CORDIC_0: LUTs Used: 31201
Info: CORDIC_0: Memory Bits Used: 0
Info: CORDIC_0: Memory Blocks Used: 0
Info: CORDIC_0: "cordicR" instantiated altera_CORDIC "CORDIC_0"
Info: cordicR: Done "cordicR" with 2 modules, 4 files
Info: Generating third-party timing and resource estimation model ...
Info: Done generating third-party timing and resource estimation model.
Info: qsys-generate succeeded.
Info: Finished: Create HDL design files for synthesis
