------------------------------------------------------------
Timing Analyzer Summary
------------------------------------------------------------

Type  : Slow 900mV 100C Model Setup 'CLK'
Slack : 0.930
TNS   : 0.000

Type  : Slow 900mV 100C Model Hold 'CLK'
Slack : 1.538
TNS   : 0.000

Type  : Slow 900mV 100C Model Minimum Pulse Width 'CLK'
Slack : -0.538
TNS   : -37.627

Type  : Slow 900mV -40C Model Setup 'CLK'
Slack : 0.930
TNS   : 0.000

Type  : Slow 900mV -40C Model Hold 'CLK'
Slack : 1.538
TNS   : 0.000

Type  : Slow 900mV -40C Model Minimum Pulse Width 'CLK'
Slack : -0.538
TNS   : -45.179

Type  : Fast 900mV 100C Model Setup 'CLK'
Slack : 0.930
TNS   : 0.000

Type  : Fast 900mV 100C Model Hold 'CLK'
Slack : 0.833
TNS   : 0.000

Type  : Fast 900mV 100C Model Minimum Pulse Width 'CLK'
Slack : -0.241
TNS   : -15.166

Type  : Fast 900mV -40C Model Setup 'CLK'
Slack : 0.930
TNS   : 0.000

Type  : Fast 900mV -40C Model Hold 'CLK'
Slack : 0.833
TNS   : 0.000

Type  : Fast 900mV -40C Model Minimum Pulse Width 'CLK'
Slack : -0.189
TNS   : -11.856

------------------------------------------------------------
