Flow report for Golden_TOP
Fri Oct 03 16:10:24 2025
Quartus Prime Version 17.1.0 Build 590 10/25/2017 SJ Standard Edition


---------------------
; Table of Contents ;
---------------------
  1. Legal Notice
  2. Flow Summary
  3. Flow Settings
  4. Flow Non-Default Global Settings
  5. Flow Elapsed Time
  6. Flow OS Summary
  7. Flow Log
  8. Flow Messages
  9. Flow Suppressed Messages



----------------
; Legal Notice ;
----------------
Copyright (C) 2017  Intel Corporation. All rights reserved.
Your use of Intel Corporation's design tools, logic functions 
and other software and tools, and its AMPP partner logic 
functions, and any output files from any of the foregoing 
(including device programming or simulation files), and any 
associated documentation or information are expressly subject 
to the terms and conditions of the Intel Program License 
Subscription Agreement, the Intel Quartus Prime License Agreement,
the Intel FPGA IP License Agreement, or other applicable license
agreement, including, without limitation, that your use is for
the sole purpose of programming logic devices manufactured by
Intel and sold by Intel or its authorized distributors.  Please
refer to the applicable agreement for further details.



+-----------------------------------------------------------------------------------+
; Flow Summary                                                                      ;
+---------------------------------+-------------------------------------------------+
; Flow Status                     ; Successful - Fri Oct 03 16:10:24 2025           ;
; Quartus Prime Version           ; 17.1.0 Build 590 10/25/2017 SJ Standard Edition ;
; Revision Name                   ; Golden_TOP                                      ;
; Top-level Entity Name           ; Golden_TOP3                                     ;
; Family                          ; Stratix V                                       ;
; Device                          ; 5SGXEABN3F45I3YY                                ;
; Timing Models                   ; Final                                           ;
; Logic utilization (in ALMs)     ; 1,401 / 359,200 ( < 1 % )                       ;
; Total registers                 ; 2369                                            ;
; Total pins                      ; 636 / 1,064 ( 60 % )                            ;
; Total virtual pins              ; 0                                               ;
; Total block memory bits         ; 526,080 / 54,067,200 ( < 1 % )                  ;
; Total DSP Blocks                ; 1 / 352 ( < 1 % )                               ;
; Total HSSI STD RX PCSs          ; 0 / 48 ( 0 % )                                  ;
; Total HSSI 10G RX PCSs          ; 0 / 48 ( 0 % )                                  ;
; Total HSSI GEN3 RX PCSs         ; 0 / 48 ( 0 % )                                  ;
; Total HSSI PMA RX Deserializers ; 0 / 48 ( 0 % )                                  ;
; Total HSSI STD TX PCSs          ; 0 / 48 ( 0 % )                                  ;
; Total HSSI 10G TX PCSs          ; 0 / 48 ( 0 % )                                  ;
; Total HSSI GEN3 TX PCSs         ; 0 / 48 ( 0 % )                                  ;
; Total HSSI PMA TX Serializers   ; 0 / 48 ( 0 % )                                  ;
; Total HSSI PIPE GEN1_2s         ; 0 / 48 ( 0 % )                                  ;
; Total HSSI GEN3s                ; 0 / 48 ( 0 % )                                  ;
; Total PLLs                      ; 1 / 98 ( 1 % )                                  ;
; Total DLLs                      ; 0 / 4 ( 0 % )                                   ;
+---------------------------------+-------------------------------------------------+


+-----------------------------------------+
; Flow Settings                           ;
+-------------------+---------------------+
; Option            ; Setting             ;
+-------------------+---------------------+
; Start date & time ; 10/03/2025 16:03:55 ;
; Main task         ; Compilation         ;
; Revision Name     ; Golden_TOP          ;
+-------------------+---------------------+


+------------------------------------------------------------------------------------------------------------------------------------------------------------------------------------+
; Flow Non-Default Global Settings                                                                                                                                                   ;
+-----------------------------------------+------------------------------------------------------------------------------------+--------------------+-------------+------------------+
; Assignment Name                         ; Value                                                                              ; Default Value      ; Entity Name ; Section Id       ;
+-----------------------------------------+------------------------------------------------------------------------------------+--------------------+-------------+------------------+
; COMPILER_SIGNATURE_ID                   ; 13432888993226.175950383513920                                                     ; --                 ; --          ; --               ;
; EDA_DESIGN_INSTANCE_NAME                ; NA                                                                                 ; --                 ; --          ; ntu_smachine_tb  ;
; EDA_DESIGN_INSTANCE_NAME                ; NA                                                                                 ; --                 ; --          ; qaoa_system_tb   ;
; EDA_DESIGN_INSTANCE_NAME                ; NA                                                                                 ; --                 ; --          ; uart_my2_tb      ;
; EDA_DESIGN_INSTANCE_NAME                ; NA                                                                                 ; --                 ; --          ; alutest_tb       ;
; EDA_NATIVELINK_SIMULATION_TEST_BENCH    ; qaoa_system_tb                                                                     ; --                 ; --          ; eda_simulation   ;
; EDA_OUTPUT_DATA_FORMAT                  ; Systemverilog Hdl                                                                  ; --                 ; --          ; eda_simulation   ;
; EDA_SIMULATION_TOOL                     ; ModelSim-Altera (SystemVerilog)                                                    ; <None>             ; --          ; --               ;
; EDA_TEST_BENCH_ENABLE_STATUS            ; TEST_BENCH_MODE                                                                    ; --                 ; --          ; eda_simulation   ;
; EDA_TEST_BENCH_FILE                     ; ntu_smachine_tb.sv                                                                 ; --                 ; --          ; ntu_smachine_tb  ;
; EDA_TEST_BENCH_FILE                     ; qaoa_system_tb.sv                                                                  ; --                 ; --          ; qaoa_system_tb   ;
; EDA_TEST_BENCH_FILE                     ; simulation/questa/uart_my2_tb.v                                                    ; --                 ; --          ; uart_my2_tb      ;
; EDA_TEST_BENCH_FILE                     ; alutest_tb.v                                                                       ; --                 ; --          ; alutest_tb       ;
; EDA_TEST_BENCH_MODULE_NAME              ; ntu_smachine_tb                                                                    ; --                 ; --          ; ntu_smachine_tb  ;
; EDA_TEST_BENCH_MODULE_NAME              ; qaoa_system_tb                                                                     ; --                 ; --          ; qaoa_system_tb   ;
; EDA_TEST_BENCH_MODULE_NAME              ; uart_my2_tb                                                                        ; --                 ; --          ; uart_my2_tb      ;
; EDA_TEST_BENCH_MODULE_NAME              ; alutest_tb                                                                         ; --                 ; --          ; alutest_tb       ;
; EDA_TEST_BENCH_NAME                     ; ntu_smachine_tb                                                                    ; --                 ; --          ; eda_simulation   ;
; EDA_TEST_BENCH_NAME                     ; qaoa_system_tb                                                                     ; --                 ; --          ; eda_simulation   ;
; EDA_TEST_BENCH_RUN_SIM_FOR              ; 1 ms                                                                               ; --                 ; --          ; uart_my2_tb      ;
; EDA_TIME_SCALE                          ; 10 ps                                                                              ; --                 ; --          ; eda_simulation   ;
; ENABLE_SIGNALTAP                        ; On                                                                                 ; --                 ; --          ; --               ;
; MAX_CORE_JUNCTION_TEMP                  ; 100                                                                                ; --                 ; --          ; --               ;
; MIN_CORE_JUNCTION_TEMP                  ; -40                                                                                ; --                 ; --          ; --               ;
; MISC_FILE                               ; fifo1.bsf                                                                          ; --                 ; --          ; --               ;
; MISC_FILE                               ; fifo1_inst.v                                                                       ; --                 ; --          ; --               ;
; MISC_FILE                               ; fifo1_bb.v                                                                         ; --                 ; --          ; --               ;
; MISC_FILE                               ; fifo1.inc                                                                          ; --                 ; --          ; --               ;
; MISC_FILE                               ; fifo1.cmp                                                                          ; --                 ; --          ; --               ;
; MISC_FILE                               ; fifo1_syn.v                                                                        ; --                 ; --          ; --               ;
; MISC_FILE                               ; pll2.cmp                                                                           ; --                 ; --          ; --               ;
; MISC_FILE                               ; pll2_sim/pll2.vo                                                                   ; --                 ; --          ; --               ;
; MISC_FILE                               ; addfix8.bsf                                                                        ; --                 ; --          ; --               ;
; MISC_FILE                               ; addfix8_inst.v                                                                     ; --                 ; --          ; --               ;
; MISC_FILE                               ; addfix8_bb.v                                                                       ; --                 ; --          ; --               ;
; MISC_FILE                               ; addfix8.inc                                                                        ; --                 ; --          ; --               ;
; MISC_FILE                               ; addfix8.cmp                                                                        ; --                 ; --          ; --               ;
; MISC_FILE                               ; addfix8_syn.v                                                                      ; --                 ; --          ; --               ;
; MISC_FILE                               ; mulFPF64.cmp                                                                       ; --                 ; --          ; --               ;
; MISC_FILE                               ; mulFPF64_sim/mulFPF64.vo                                                           ; --                 ; --          ; --               ;
; MISC_FILE                               ; mulfix8.bsf                                                                        ; --                 ; --          ; --               ;
; MISC_FILE                               ; mulfix8_inst.v                                                                     ; --                 ; --          ; --               ;
; MISC_FILE                               ; mulfix8_bb.v                                                                       ; --                 ; --          ; --               ;
; MISC_FILE                               ; mulfix8_syn.v                                                                      ; --                 ; --          ; --               ;
; MISC_FILE                               ; addFPF64.cmp                                                                       ; --                 ; --          ; --               ;
; MISC_FILE                               ; addFPF64_sim/addFPF64.vo                                                           ; --                 ; --          ; --               ;
; MISC_FILE                               ; ram.bsf                                                                            ; --                 ; --          ; --               ;
; MISC_FILE                               ; ram_inst.v                                                                         ; --                 ; --          ; --               ;
; MISC_FILE                               ; ram_bb.v                                                                           ; --                 ; --          ; --               ;
; MISC_FILE                               ; ram_syn.v                                                                          ; --                 ; --          ; --               ;
; OPTIMIZE_POWER_DURING_FITTING           ; Off                                                                                ; Normal compilation ; --          ; --               ;
; PARTITION_COLOR                         ; -- (Not supported for targeted family)                                             ; --                 ; Golden_TOP3 ; Top              ;
; PARTITION_FITTER_PRESERVATION_LEVEL     ; -- (Not supported for targeted family)                                             ; --                 ; Golden_TOP3 ; Top              ;
; PARTITION_NETLIST_TYPE                  ; -- (Not supported for targeted family)                                             ; --                 ; Golden_TOP3 ; Top              ;
; PHYSICAL_SYNTHESIS_COMBO_LOGIC          ; On                                                                                 ; Off                ; --          ; --               ;
; PHYSICAL_SYNTHESIS_COMBO_LOGIC_FOR_AREA ; On                                                                                 ; Off                ; --          ; --               ;
; PHYSICAL_SYNTHESIS_REGISTER_DUPLICATION ; On                                                                                 ; Off                ; --          ; --               ;
; PHYSICAL_SYNTHESIS_REGISTER_RETIMING    ; On                                                                                 ; Off                ; --          ; --               ;
; POWER_BOARD_THERMAL_MODEL               ; None (CONSERVATIVE)                                                                ; --                 ; --          ; --               ;
; POWER_PRESET_COOLING_SOLUTION           ; 23 MM HEAT SINK WITH 200 LFPM AIRFLOW                                              ; --                 ; --          ; --               ;
; PROGRAMMABLE_POWER_TECHNOLOGY_SETTING   ; Force All Tiles with Failing Timing Paths to High Speed                            ; Automatic          ; --          ; --               ;
; PROJECT_OUTPUT_DIRECTORY                ; output_files                                                                       ; --                 ; --          ; --               ;
; SEED                                    ; 12                                                                                 ; 1                  ; --          ; --               ;
; SLD_FILE                                ; db/Fan_stp_auto_stripped.stp                                                       ; --                 ; --          ; --               ;
; SLD_NODE_CREATOR_ID                     ; 110                                                                                ; --                 ; --          ; auto_signaltap_0 ;
; SLD_NODE_ENTITY_NAME                    ; sld_signaltap                                                                      ; --                 ; --          ; auto_signaltap_0 ;
; SLD_NODE_PARAMETER_ASSIGNMENT           ; SLD_RAM_BLOCK_TYPE=AUTO                                                            ; --                 ; --          ; auto_signaltap_0 ;
; SLD_NODE_PARAMETER_ASSIGNMENT           ; SLD_DATA_BITS=14                                                                   ; --                 ; --          ; auto_signaltap_0 ;
; SLD_NODE_PARAMETER_ASSIGNMENT           ; SLD_TRIGGER_BITS=14                                                                ; --                 ; --          ; auto_signaltap_0 ;
; SLD_NODE_PARAMETER_ASSIGNMENT           ; SLD_STORAGE_QUALIFIER_BITS=14                                                      ; --                 ; --          ; auto_signaltap_0 ;
; SLD_NODE_PARAMETER_ASSIGNMENT           ; SLD_NODE_INFO=805334528                                                            ; --                 ; --          ; auto_signaltap_0 ;
; SLD_NODE_PARAMETER_ASSIGNMENT           ; SLD_POWER_UP_TRIGGER=0                                                             ; --                 ; --          ; auto_signaltap_0 ;
; SLD_NODE_PARAMETER_ASSIGNMENT           ; SLD_INVERSION_MASK=000000000000000000000000000000000000000000000000000000000000000 ; --                 ; --          ; auto_signaltap_0 ;
; SLD_NODE_PARAMETER_ASSIGNMENT           ; SLD_INVERSION_MASK_LENGTH=63                                                       ; --                 ; --          ; auto_signaltap_0 ;
; SLD_NODE_PARAMETER_ASSIGNMENT           ; SLD_STORAGE_QUALIFIER_INVERSION_MASK_LENGTH=0                                      ; --                 ; --          ; auto_signaltap_0 ;
; SLD_NODE_PARAMETER_ASSIGNMENT           ; SLD_SEGMENT_SIZE=128                                                               ; --                 ; --          ; auto_signaltap_0 ;
; SLD_NODE_PARAMETER_ASSIGNMENT           ; SLD_ATTRIBUTE_MEM_MODE=OFF                                                         ; --                 ; --          ; auto_signaltap_0 ;
; SLD_NODE_PARAMETER_ASSIGNMENT           ; SLD_STATE_FLOW_USE_GENERATED=0                                                     ; --                 ; --          ; auto_signaltap_0 ;
; SLD_NODE_PARAMETER_ASSIGNMENT           ; SLD_STATE_BITS=11                                                                  ; --                 ; --          ; auto_signaltap_0 ;
; SLD_NODE_PARAMETER_ASSIGNMENT           ; SLD_BUFFER_FULL_STOP=1                                                             ; --                 ; --          ; auto_signaltap_0 ;
; SLD_NODE_PARAMETER_ASSIGNMENT           ; SLD_CURRENT_RESOURCE_WIDTH=1                                                       ; --                 ; --          ; auto_signaltap_0 ;
; SLD_NODE_PARAMETER_ASSIGNMENT           ; SLD_INCREMENTAL_ROUTING=1                                                          ; --                 ; --          ; auto_signaltap_0 ;
; SLD_NODE_PARAMETER_ASSIGNMENT           ; SLD_TRIGGER_LEVEL=1                                                                ; --                 ; --          ; auto_signaltap_0 ;
; SLD_NODE_PARAMETER_ASSIGNMENT           ; SLD_SAMPLE_DEPTH=128                                                               ; --                 ; --          ; auto_signaltap_0 ;
; SLD_NODE_PARAMETER_ASSIGNMENT           ; SLD_TRIGGER_IN_ENABLED=0                                                           ; --                 ; --          ; auto_signaltap_0 ;
; SLD_NODE_PARAMETER_ASSIGNMENT           ; SLD_TRIGGER_PIPELINE=0                                                             ; --                 ; --          ; auto_signaltap_0 ;
; SLD_NODE_PARAMETER_ASSIGNMENT           ; SLD_RAM_PIPELINE=0                                                                 ; --                 ; --          ; auto_signaltap_0 ;
; SLD_NODE_PARAMETER_ASSIGNMENT           ; SLD_COUNTER_PIPELINE=0                                                             ; --                 ; --          ; auto_signaltap_0 ;
; SLD_NODE_PARAMETER_ASSIGNMENT           ; SLD_ADVANCED_TRIGGER_ENTITY=basic,1,                                               ; --                 ; --          ; auto_signaltap_0 ;
; SLD_NODE_PARAMETER_ASSIGNMENT           ; SLD_TRIGGER_LEVEL_PIPELINE=1                                                       ; --                 ; --          ; auto_signaltap_0 ;
; SLD_NODE_PARAMETER_ASSIGNMENT           ; SLD_ENABLE_ADVANCED_TRIGGER=0                                                      ; --                 ; --          ; auto_signaltap_0 ;
; SPD_FILE                                ; pll2.spd                                                                           ; --                 ; --          ; --               ;
; SPD_FILE                                ; mulFPF64.spd                                                                       ; --                 ; --          ; --               ;
; SPD_FILE                                ; addFPF64.spd                                                                       ; --                 ; --          ; --               ;
; SYNTHESIS_ONLY_QIP                      ; On                                                                                 ; --                 ; --          ; --               ;
; SYNTHESIS_ONLY_QIP                      ; On                                                                                 ; --                 ; --          ; --               ;
; SYNTHESIS_ONLY_QIP                      ; On                                                                                 ; --                 ; --          ; --               ;
; TOP_LEVEL_ENTITY                        ; Golden_TOP3                                                                        ; Golden_TOP         ; --          ; --               ;
; USE_SIGNALTAP_FILE                      ; demo_batch/Fan_stp.stp                                                             ; --                 ; --          ; --               ;
; VERILOG_INPUT_VERSION                   ; SystemVerilog_2005                                                                 ; Verilog_2001       ; --          ; --               ;
; VERILOG_SHOW_LMF_MAPPING_MESSAGES       ; Off                                                                                ; --                 ; --          ; --               ;
+-----------------------------------------+------------------------------------------------------------------------------------+--------------------+-------------+------------------+


+-------------------------------------------------------------------------------------------------------------------------------+
; Flow Elapsed Time                                                                                                             ;
+---------------------------+--------------+-------------------------+---------------------+------------------------------------+
; Module Name               ; Elapsed Time ; Average Processors Used ; Peak Virtual Memory ; Total CPU Time (on all processors) ;
+---------------------------+--------------+-------------------------+---------------------+------------------------------------+
; Analysis & Synthesis      ; 00:00:51     ; 1.0                     ; 5054 MB             ; 00:01:03                           ;
; Fitter                    ; 00:03:31     ; 1.0                     ; 9665 MB             ; 00:06:54                           ;
; Assembler                 ; 00:00:57     ; 1.0                     ; 5572 MB             ; 00:00:44                           ;
; TimeQuest Timing Analyzer ; 00:00:43     ; 1.2                     ; 6104 MB             ; 00:00:42                           ;
; EDA Netlist Writer        ; 00:00:06     ; 1.0                     ; 5343 MB             ; 00:00:05                           ;
; Total                     ; 00:06:08     ; --                      ; --                  ; 00:09:28                           ;
+---------------------------+--------------+-------------------------+---------------------+------------------------------------+


+-----------------------------------------------------------------------------------------+
; Flow OS Summary                                                                         ;
+---------------------------+------------------+------------+------------+----------------+
; Module Name               ; Machine Hostname ; OS Name    ; OS Version ; Processor type ;
+---------------------------+------------------+------------+------------+----------------+
; Analysis & Synthesis      ; ERD104-LAP47     ; Windows 10 ; 10.0       ; x86_64         ;
; Fitter                    ; ERD104-LAP47     ; Windows 10 ; 10.0       ; x86_64         ;
; Assembler                 ; ERD104-LAP47     ; Windows 10 ; 10.0       ; x86_64         ;
; TimeQuest Timing Analyzer ; ERD104-LAP47     ; Windows 10 ; 10.0       ; x86_64         ;
; EDA Netlist Writer        ; ERD104-LAP47     ; Windows 10 ; 10.0       ; x86_64         ;
+---------------------------+------------------+------------+------------+----------------+


------------
; Flow Log ;
------------
quartus_map --read_settings_files=on --write_settings_files=off Golden_TOP -c Golden_TOP
quartus_fit --read_settings_files=off --write_settings_files=off Golden_TOP -c Golden_TOP
quartus_asm --read_settings_files=off --write_settings_files=off Golden_TOP -c Golden_TOP
quartus_sta Golden_TOP -c Golden_TOP
quartus_eda --read_settings_files=off --write_settings_files=off Golden_TOP -c Golden_TOP



