Design Assistant report for Golden_TOP
Fri Sep 05 19:55:57 2025
Quartus Prime Version 17.1.0 Build 590 10/25/2017 SJ Standard Edition


---------------------
; Table of Contents ;
---------------------
  1. Legal Notice
  2. Design Assistant Summary
  3. Parallel Compilation
  4. Design Assistant Settings
  5. High Violations
  6. Medium Violations
  7. Information only Violations
  8. Design Assistant Messages



----------------
; Legal Notice ;
----------------
Copyright (C) 2017  Intel Corporation. All rights reserved.
Your use of Intel Corporation's design tools, logic functions 
and other software and tools, and its AMPP partner logic 
functions, and any output files from any of the foregoing 
(including device programming or simulation files), and any 
associated documentation or information are expressly subject 
to the terms and conditions of the Intel Program License 
Subscription Agreement, the Intel Quartus Prime License Agreement,
the Intel FPGA IP License Agreement, or other applicable license
agreement, including, without limitation, that your use is for
the sole purpose of programming logic devices manufactured by
Intel and sold by Intel or its authorized distributors.  Please
refer to the applicable agreement for further details.



+-------------------------------------------------------------------------+
; Design Assistant Summary                                                ;
+-----------------------------------+-------------------------------------+
; Design Assistant Status           ; Analyzed - Fri Sep 05 19:55:57 2025 ;
; Revision Name                     ; Golden_TOP                          ;
; Top-level Entity Name             ; Golden_TOP2                         ;
; Family                            ; Stratix V                           ;
; Total Critical Violations         ; 0                                   ;
; Total High Violations             ; 13                                  ;
; - Rule A108                       ; 11                                  ;
; - Rule C105                       ; 2                                   ;
; Total Medium Violations           ; 3                                   ;
; - Rule A104                       ; 1                                   ;
; - Rule C104                       ; 1                                   ;
; - Rule R102                       ; 1                                   ;
; Total Information only Violations ; 95                                  ;
; - Rule T101                       ; 45                                  ;
; - Rule T102                       ; 50                                  ;
+-----------------------------------+-------------------------------------+


+------------------------------------------+
; Parallel Compilation                     ;
+----------------------------+-------------+
; Processors                 ; Number      ;
+----------------------------+-------------+
; Number detected on machine ; 16          ;
; Maximum allowed            ; 12          ;
;                            ;             ;
; Average used               ; 1.00        ;
; Maximum used               ; 4           ;
;                            ;             ;
; Usage by Processor         ; % Time Used ;
;     Processor 1            ; 100.0%      ;
;     Processor 2            ;   0.0%      ;
;     Processor 3            ;   0.0%      ;
;     Processor 4            ;   0.0%      ;
+----------------------------+-------------+


+------------------------------------------------------------------------------------------------------------------------------------------------------------------------------------------+
; Design Assistant Settings                                                                                                                                                                ;
+----------------------------------------------------------------------------------------------------------------------------------------------------------------------+--------------+----+
; Option                                                                                                                                                               ; Setting      ; To ;
+----------------------------------------------------------------------------------------------------------------------------------------------------------------------+--------------+----+
; Design Assistant mode                                                                                                                                                ; Post-Fitting ;    ;
; Threshold value for clock net not mapped to clock spines rule                                                                                                        ; 25           ;    ;
; Minimum number of clock port feed by gated clocks                                                                                                                    ; 30           ;    ;
; Minimum number of node fan-out                                                                                                                                       ; 30           ;    ;
; Maximum number of nodes to report                                                                                                                                    ; 50           ;    ;
; Rule C101: Gated clock should be implemented according to the Intel FPGA standard scheme                                                                             ; On           ;    ;
; Rule C102: Logic cell should not be used to generate an inverted clock signal                                                                                        ; On           ;    ;
; Rule C103: Gated clock does not feed at least a pre-defined number of clock ports to effectively save power                                                          ; On           ;    ;
; Rule C104: Clock signal source should drive only clock input ports                                                                                                   ; On           ;    ;
; Rule C105: Clock signal should be a global signal                                                                                                                    ; On           ;    ;
; Rule C106: Clock signal source should not drive registers triggered by different clock edges                                                                         ; On           ;    ;
; Rule R101: Combinational logic used as a reset signal should be synchronized                                                                                         ; On           ;    ;
; Rule R102: External reset signals should be synchronized using two cascaded registers                                                                                ; On           ;    ;
; Rule R103: External reset signal should be correctly synchronized                                                                                                    ; On           ;    ;
; Rule R104: The reset signal that is generated in one clock domain and used in another clock domain should be correctly synchronized                                  ; On           ;    ;
; Rule R105: The reset signal that is generated in one clock domain and used in another clock domain should be synchronized                                            ; On           ;    ;
; Rule T101: Nodes with more than the specified number of fan-outs                                                                                                     ; On           ;    ;
; Rule T102: Top nodes with the highest number of fan-outs                                                                                                             ; On           ;    ;
; Rule A101: Design should not contain combinational loops                                                                                                             ; On           ;    ;
; Rule A102: Register output should not drive its own control signal directly or through combinational logic                                                           ; On           ;    ;
; Rule A103: Design should not contain delay chains                                                                                                                    ; On           ;    ;
; Rule A104: Design should not contain ripple clock structures                                                                                                         ; On           ;    ;
; Rule A105: Pulses should not be implemented asynchronously                                                                                                           ; On           ;    ;
; Rule A106: Multiple pulses should not be generated in design                                                                                                         ; On           ;    ;
; Rule A107: Design should not contain SR latches                                                                                                                      ; On           ;    ;
; Rule A108: Design should not contain latches                                                                                                                         ; On           ;    ;
; Rule S101: Output enable and input of the same tri-state node should not be driven by same signal source                                                             ; On           ;    ;
; Rule S102: Synchronous port and asynchronous port of the same register should not be driven by the same signal source                                                ; On           ;    ;
; Rule S103: More than one asynchronous port of a register should not be driven by the same signal source                                                              ; On           ;    ;
; Rule S104: Clock port and any other port of a register should not be driven by the same signal source                                                                ; On           ;    ;
; Rule D101: Data bits are not synchronized when transferred between asynchronous clock domains                                                                        ; On           ;    ;
; Rule D102: Multiple data bits that are transferred across asynchronous clock domains are synchronized, but not all bits may be aligned in the receiving clock domain ; On           ;    ;
; Rule D103: Data bits are not correctly synchronized when transferred between asynchronous clock domains                                                              ; On           ;    ;
+----------------------------------------------------------------------------------------------------------------------------------------------------------------------+--------------+----+


+-------------------------------------------------------------------------------------------------------------+
; High Violations                                                                                             ;
+---------------------------------------------------------+---------------------------------------------------+
; Rule name                                               ; Name                                              ;
+---------------------------------------------------------+---------------------------------------------------+
; Rule A108: Design should not contain latches - Latch 1  ;                                                   ;
;  Latch 1                                                ; Fan_Control:u0|I2C_Config:u0|FAN_REG_DATA[1]      ;
; Rule A108: Design should not contain latches - Latch 2  ;                                                   ;
;  Latch 2                                                ; Fan_Control:u0|I2C_Config:u0|FAN_REG_DATA[6]      ;
; Rule A108: Design should not contain latches - Latch 3  ;                                                   ;
;  Latch 3                                                ; Fan_Control:u0|I2C_Config:u0|FAN_REG_DATA[5]      ;
; Rule A108: Design should not contain latches - Latch 4  ;                                                   ;
;  Latch 4                                                ; Fan_Control:u0|I2C_Config:u0|FAN_REG_DATA[4]      ;
; Rule A108: Design should not contain latches - Latch 5  ;                                                   ;
;  Latch 5                                                ; Fan_Control:u0|I2C_Config:u0|FAN_REG_DATA[0]      ;
; Rule A108: Design should not contain latches - Latch 6  ;                                                   ;
;  Latch 6                                                ; Fan_Control:u0|I2C_Config:u0|FAN_REG_DATA[3]      ;
; Rule A108: Design should not contain latches - Latch 7  ;                                                   ;
;  Latch 7                                                ; Fan_Control:u0|I2C_Config:u0|FAN_REG_DATA[9]      ;
; Rule A108: Design should not contain latches - Latch 8  ;                                                   ;
;  Latch 8                                                ; Fan_Control:u0|I2C_Config:u0|FAN_REG_DATA[2]      ;
; Rule A108: Design should not contain latches - Latch 9  ;                                                   ;
;  Latch 9                                                ; Fan_Control:u0|I2C_Config:u0|FAN_REG_DATA[11]     ;
; Rule A108: Design should not contain latches - Latch 10 ;                                                   ;
;  Latch 10                                               ; Fan_Control:u0|I2C_Config:u0|FAN_REG_DATA[10]     ;
; Rule A108: Design should not contain latches - Latch 11 ;                                                   ;
;  Latch 11                                               ; Fan_Control:u0|I2C_Config:u0|FAN_REG_DATA[12]     ;
; Rule C105: Clock signal should be a global signal       ; Fan_Control:u0|I2C_Bus_Controller:u1|oCONFIG_DONE ;
; Rule C105: Clock signal should be a global signal       ; altera_internal_jtag~TCKUTAP                      ;
+---------------------------------------------------------+---------------------------------------------------+


+-------------------------------------------------------------------------------------------------------------------------------------------------------+
; Medium Violations                                                                                                                                     ;
+---------------------------------------------------------------------------------------+---------------------------------------------------------------+
; Rule name                                                                             ; Name                                                          ;
+---------------------------------------------------------------------------------------+---------------------------------------------------------------+
; Rule A104: Design should not contain ripple clock structures - Structure 1            ;                                                               ;
;  Structure 1                                                                          ; Fan_Control:u0|CLK_2M                                         ;
;  Structure 1                                                                          ; Fan_Control:u0|I2C_Bus_Controller:u1|i2c_state[3]             ;
;  Structure 1                                                                          ; Fan_Control:u0|I2C_Bus_Controller:u1|system_clk               ;
;  Structure 1                                                                          ; Fan_Control:u0|I2C_Bus_Controller:u1|i2c_state[3]~DUPLICATE   ;
;  Structure 1                                                                          ; Fan_Control:u0|I2C_Config:u0|FAN_INIT_INDEX[2]                ;
;  Structure 1                                                                          ; Fan_Control:u0|I2C_Bus_Controller:u1|oCONFIG_DONE             ;
;  Structure 1                                                                          ; Fan_Control:u0|I2C_Bus_Controller:u1|i2c_state[2]             ;
;  Structure 1                                                                          ; Fan_Control:u0|I2C_Bus_Controller:u1|i2c_bit_cnt[2]~DUPLICATE ;
;  Structure 1                                                                          ; Fan_Control:u0|I2C_Bus_Controller:u1|i2c_bit_cnt[0]           ;
;  Structure 1                                                                          ; Fan_Control:u0|I2C_Bus_Controller:u1|i2c_state[0]             ;
;  Structure 1                                                                          ; Fan_Control:u0|I2C_Bus_Controller:u1|i2c_state[1]             ;
;  Structure 1                                                                          ; Fan_Control:u0|I2C_Bus_Controller:u1|i2c_bit_cnt[1]           ;
;  Structure 1                                                                          ; Fan_Control:u0|I2C_Bus_Controller:u1|i2c_bit_cnt[2]           ;
;  Structure 1                                                                          ; Fan_Control:u0|I2C_Config:u0|FAN_INIT_INDEX[1]                ;
;  Structure 1                                                                          ; Fan_Control:u0|I2C_Config:u0|FAN_INIT_INDEX[0]                ;
;  Structure 1                                                                          ; Fan_Control:u0|I2C_Config:u0|state                            ;
;  Structure 1                                                                          ; Fan_Control:u0|I2C_Config:u0|Previous_Speed[3]                ;
;  Structure 1                                                                          ; Fan_Control:u0|I2C_Config:u0|Previous_Speed[4]                ;
;  Structure 1                                                                          ; Fan_Control:u0|I2C_Config:u0|Previous_Speed[5]                ;
;  Structure 1                                                                          ; Fan_Control:u0|I2C_Config:u0|Previous_Speed[6]                ;
;  Structure 1                                                                          ; Fan_Control:u0|I2C_Config:u0|Previous_Speed[7]                ;
;  Structure 1                                                                          ; Fan_Control:u0|I2C_Config:u0|Previous_Speed[2]                ;
;  Structure 1                                                                          ; Fan_Control:u0|I2C_Config:u0|Previous_Speed[0]                ;
;  Structure 1                                                                          ; Fan_Control:u0|I2C_Config:u0|Previous_Speed[1]                ;
;  Structure 1                                                                          ; Fan_Control:u0|I2C_Config:u0|KTACH[3]                         ;
;  Structure 1                                                                          ; Fan_Control:u0|I2C_Config:u0|KTACH[7]                         ;
;  Structure 1                                                                          ; Fan_Control:u0|I2C_Config:u0|KTACH[6]                         ;
;  Structure 1                                                                          ; Fan_Control:u0|I2C_Config:u0|KTACH[5]                         ;
;  Structure 1                                                                          ; Fan_Control:u0|I2C_Config:u0|KTACH[4]                         ;
;  Structure 1                                                                          ; Fan_Control:u0|I2C_Config:u0|KTACH[2]                         ;
;  Structure 1                                                                          ; Fan_Control:u0|I2C_Config:u0|KTACH[1]                         ;
;  Structure 1                                                                          ; Fan_Control:u0|I2C_Config:u0|KTACH[0]                         ;
;  Structure 1                                                                          ; Fan_Control:u0|I2C_Config:u0|Speed_Detected[10]               ;
;  Structure 1                                                                          ; Fan_Control:u0|I2C_Config:u0|FAN_SPEED_RPM[10]                ;
;  Structure 1                                                                          ; Fan_Control:u0|I2C_Config:u0|Speed_Detected[11]               ;
;  Structure 1                                                                          ; Fan_Control:u0|I2C_Config:u0|FAN_SPEED_RPM[11]                ;
;  Structure 1                                                                          ; Fan_Control:u0|I2C_Config:u0|Speed_Detected[12]               ;
;  Structure 1                                                                          ; Fan_Control:u0|I2C_Config:u0|FAN_SPEED_RPM[12]                ;
;  Structure 1                                                                          ; Fan_Control:u0|I2C_Config:u0|Speed_Detected[1]                ;
;  Structure 1                                                                          ; Fan_Control:u0|I2C_Config:u0|FAN_SPEED_RPM[1]                 ;
;  Structure 1                                                                          ; Fan_Control:u0|I2C_Config:u0|Speed_Detected[2]                ;
;  Structure 1                                                                          ; Fan_Control:u0|I2C_Config:u0|FAN_SPEED_RPM[2]                 ;
;  Structure 1                                                                          ; Fan_Control:u0|I2C_Config:u0|Speed_Detected[3]                ;
;  Structure 1                                                                          ; Fan_Control:u0|I2C_Config:u0|FAN_SPEED_RPM[3]                 ;
;  Structure 1                                                                          ; Fan_Control:u0|I2C_Config:u0|Speed_Detected[4]                ;
;  Structure 1                                                                          ; Fan_Control:u0|I2C_Config:u0|FAN_SPEED_RPM[4]                 ;
;  Structure 1                                                                          ; Fan_Control:u0|I2C_Config:u0|Speed_Detected[5]                ;
;  Structure 1                                                                          ; Fan_Control:u0|I2C_Config:u0|FAN_SPEED_RPM[5]                 ;
;  Structure 1                                                                          ; Fan_Control:u0|I2C_Config:u0|Speed_Detected[6]                ;
;  Structure 1                                                                          ; Fan_Control:u0|I2C_Config:u0|FAN_SPEED_RPM[6]                 ;
;  Structure 1                                                                          ; Fan_Control:u0|I2C_Config:u0|Speed_Detected[7]                ;
;  Structure 1                                                                          ; Fan_Control:u0|I2C_Config:u0|FAN_SPEED_RPM[7]                 ;
;  Structure 1                                                                          ; Fan_Control:u0|I2C_Config:u0|Speed_Detected[8]                ;
;  Structure 1                                                                          ; Fan_Control:u0|I2C_Config:u0|FAN_SPEED_RPM[8]                 ;
;  Structure 1                                                                          ; Fan_Control:u0|I2C_Config:u0|Speed_Detected[9]                ;
;  Structure 1                                                                          ; Fan_Control:u0|I2C_Config:u0|FAN_SPEED_RPM[9]                 ;
; Rule C104: Clock signal source should drive only clock input ports                    ; Fan_Control:u0|CLK_2M                                         ;
;  Clock ports destination node(s) list                                                 ; Fan_Control:u0|I2C_Bus_Controller:u1|i2c_read_data[5]         ;
;  Clock ports destination node(s) list                                                 ; Fan_Control:u0|I2C_Bus_Controller:u1|system_clk               ;
;  Clock ports destination node(s) list                                                 ; Fan_Control:u0|I2C_Bus_Controller:u1|i2c_clk_cnt[0]           ;
;  Clock ports destination node(s) list                                                 ; Fan_Control:u0|I2C_Bus_Controller:u1|i2c_clk_cnt[1]           ;
;  Clock ports destination node(s) list                                                 ; Fan_Control:u0|I2C_Config:u0|owcmd                            ;
;  Clock ports destination node(s) list                                                 ; Fan_Control:u0|I2C_Bus_Controller:u1|oCONFIG_DONE             ;
;  Clock ports destination node(s) list                                                 ; Fan_Control:u0|I2C_Config:u0|oStart                           ;
;  Clock ports destination node(s) list                                                 ; Fan_Control:u0|I2C_Bus_Controller:u1|read_data_tmp[5]         ;
;  Clock ports destination node(s) list                                                 ; Fan_Control:u0|I2C_Bus_Controller:u1|read_data_tmp[4]         ;
;  Clock ports destination node(s) list                                                 ; Fan_Control:u0|I2C_Bus_Controller:u1|read_data_tmp[3]         ;
;  Non-clock ports destination node(s) list                                             ; Fan_Control:u0|CLK_2M~0                                       ;
; Rule R102: External reset signals should be synchronized using two cascaded registers ; BUTTON[0]                                                     ;
;  Reset signal destination node(s) list                                                ; Fan_Control:u0|I2C_Config:u0|oStart                           ;
;  Reset signal destination node(s) list                                                ; Fan_Control:u0|I2C_Bus_Controller:u1|i2c_read_data[5]         ;
;  Reset signal destination node(s) list                                                ; Fan_Control:u0|Count[0]                                       ;
;  Reset signal destination node(s) list                                                ; Fan_Control:u0|Count[2]                                       ;
;  Reset signal destination node(s) list                                                ; Fan_Control:u0|Count[1]~DUPLICATE                             ;
;  Reset signal destination node(s) list                                                ; Fan_Control:u0|Count[1]                                       ;
;  Reset signal destination node(s) list                                                ; Fan_Control:u0|Count[3]                                       ;
;  Reset signal destination node(s) list                                                ; Fan_Control:u0|Count[4]                                       ;
;  Reset signal destination node(s) list                                                ; Fan_Control:u0|I2C_Bus_Controller:u1|i2c_state[3]             ;
;  Reset signal destination node(s) list                                                ; Fan_Control:u0|I2C_Bus_Controller:u1|system_clk               ;
+---------------------------------------------------------------------------------------+---------------------------------------------------------------+


+----------------------------------------------------------------------------------------------------------------------------------------------------------------------------------------------------------------------------------------------------------------------------------------------------------------------------------------------------------------------------------------------------------------------------------+
; Information only Violations                                                                                                                                                                                                                                                                                                                                                                                                      ;
+------------------------------------------------------------------+-----------------------------------------------------------------------------------------------------------------------------------------------------------------------------------------------------------------------------------------------------------------------------------------------------------------------------------------------------+---------+
; Rule name                                                        ; Name                                                                                                                                                                                                                                                                                                                                                ; Fan-Out ;
+------------------------------------------------------------------+-----------------------------------------------------------------------------------------------------------------------------------------------------------------------------------------------------------------------------------------------------------------------------------------------------------------------------------------------------+---------+
; Rule T101: Nodes with more than the specified number of fan-outs ; pll2:comb_19|pll2_0002:pll2_inst|altera_pll:altera_pll_i|outclk_wire[0]~CLKENA0                                                                                                                                                                                                                                                                     ; 3451    ;
; Rule T101: Nodes with more than the specified number of fan-outs ; ntu_smachine:ntuS|mulFP64_in[64]~0                                                                                                                                                                                                                                                                                                                  ; 160     ;
; Rule T101: Nodes with more than the specified number of fan-outs ; sync_stage2                                                                                                                                                                                                                                                                                                                                         ; 279     ;
; Rule T101: Nodes with more than the specified number of fan-outs ; ntu_smachine:ntuS|Equal12~1                                                                                                                                                                                                                                                                                                                         ; 80      ;
; Rule T101: Nodes with more than the specified number of fan-outs ; ntu_smachine:ntuS|Equal14~1                                                                                                                                                                                                                                                                                                                         ; 66      ;
; Rule T101: Nodes with more than the specified number of fan-outs ; ntu_smachine:ntuS|Equal4~0                                                                                                                                                                                                                                                                                                                          ; 47      ;
; Rule T101: Nodes with more than the specified number of fan-outs ; ntu_smachine:ntuS|rB64[0]~0                                                                                                                                                                                                                                                                                                                         ; 69      ;
; Rule T101: Nodes with more than the specified number of fan-outs ; ntu_smachine:ntuS|altmul64:fp64_4|altmul64_altfp_mult_heq:altmul64_altfp_mult_heq_component|lpm_mult:man_product2_mult|mult_bfs:auto_generated|result_output_reg[105]                                                                                                                                                                               ; 56      ;
; Rule T101: Nodes with more than the specified number of fan-outs ; ntu_smachine:ntuS|altmul64:fp64_4|altmul64_altfp_mult_heq:altmul64_altfp_mult_heq_component|man_result_ff~2                                                                                                                                                                                                                                         ; 51      ;
; Rule T101: Nodes with more than the specified number of fan-outs ; ntu_smachine:ntuS|addFP64_in[65]~1                                                                                                                                                                                                                                                                                                                  ; 142     ;
; Rule T101: Nodes with more than the specified number of fan-outs ; ntu_smachine:ntuS|addFP64:addFP64_inst2|addFP64_altfp_add_sub_qnl:addFP64_altfp_add_sub_qnl_component|man_res_rounding_add_sub_result_reg[53]                                                                                                                                                                                                       ; 53      ;
; Rule T101: Nodes with more than the specified number of fan-outs ; ntu_smachine:ntuS|addFP64:addFP64_inst2|addFP64_altfp_add_sub_qnl:addFP64_altfp_add_sub_qnl_component|man_leading_zeros_dffe31[0]~DUPLICATE                                                                                                                                                                                                         ; 45      ;
; Rule T101: Nodes with more than the specified number of fan-outs ; ntu_smachine:ntuS|addFP64:addFP64_inst2|addFP64_altfp_add_sub_qnl:addFP64_altfp_add_sub_qnl_component|rshift_distance_dffe13[0]                                                                                                                                                                                                                     ; 56      ;
; Rule T101: Nodes with more than the specified number of fan-outs ; ntu_smachine:ntuS|addFP64:addFP64_inst2|addFP64_altfp_add_sub_qnl:addFP64_altfp_add_sub_qnl_component|input_datab_denormal_dffe11                                                                                                                                                                                                                   ; 88      ;
; Rule T101: Nodes with more than the specified number of fan-outs ; ntu_smachine:ntuS|addFP64:addFP64_inst2|addFP64_altfp_add_sub_qnl:addFP64_altfp_add_sub_qnl_component|addFP64_altbarrel_shift_02g:rbarrel_shift|sel_pipec5r1d                                                                                                                                                                                       ; 55      ;
; Rule T101: Nodes with more than the specified number of fan-outs ; ntu_smachine:ntuS|addFP64:addFP64_inst2|addFP64_altfp_add_sub_qnl:addFP64_altfp_add_sub_qnl_component|exp_amb_mux_dffe14                                                                                                                                                                                                                            ; 126     ;
; Rule T101: Nodes with more than the specified number of fan-outs ; ntu_smachine:ntuS|addFP64:addFP64_inst2|addFP64_altfp_add_sub_qnl:addFP64_altfp_add_sub_qnl_component|lpm_add_sub:add_sub1|add_sub_6hi:auto_generated|pipeline_dffe[11]                                                                                                                                                                             ; 78      ;
; Rule T101: Nodes with more than the specified number of fan-outs ; ntu_smachine:ntuS|addFP64:addFP64_inst2|addFP64_altfp_add_sub_qnl:addFP64_altfp_add_sub_qnl_component|input_dataa_denormal_dffe11                                                                                                                                                                                                                   ; 88      ;
; Rule T101: Nodes with more than the specified number of fan-outs ; ntu_smachine:ntuS|altmul64:fp64_4|altmul64_altfp_mult_heq:altmul64_altfp_mult_heq_component|man_round_p2[53]                                                                                                                                                                                                                                        ; 54      ;
; Rule T101: Nodes with more than the specified number of fan-outs ; ntu_smachine:ntuS|addFP64:addFP64_inst2|addFP64_altfp_add_sub_qnl:addFP64_altfp_add_sub_qnl_component|man_out_dffe5_wi~0                                                                                                                                                                                                                            ; 51      ;
; Rule T101: Nodes with more than the specified number of fan-outs ; ntu_smachine:ntuS|addFP64:addFP64_inst2|addFP64_altfp_add_sub_qnl:addFP64_altfp_add_sub_qnl_component|man_add_sub_res_mag_dffe27[55]                                                                                                                                                                                                                ; 73      ;
; Rule T101: Nodes with more than the specified number of fan-outs ; ntu_smachine:ntuS|addFP64:addFP64_inst2|addFP64_altfp_add_sub_qnl:addFP64_altfp_add_sub_qnl_component|man_add_sub_w[56]~0                                                                                                                                                                                                                           ; 57      ;
; Rule T101: Nodes with more than the specified number of fan-outs ; ntu_smachine:ntuS|addFP64:addFP64_inst2|addFP64_altfp_add_sub_qnl:addFP64_altfp_add_sub_qnl_component|add_sub_w2~0                                                                                                                                                                                                                                  ; 170     ;
; Rule T101: Nodes with more than the specified number of fan-outs ; ntu_smachine:ntuS|addFP64:addFP64_inst2|addFP64_altfp_add_sub_qnl:addFP64_altfp_add_sub_qnl_component|man_leading_zeros_dffe31[1]~DUPLICATE                                                                                                                                                                                                         ; 53      ;
; Rule T101: Nodes with more than the specified number of fan-outs ; ntu_smachine:ntuS|addFP64:addFP64_inst2|addFP64_altfp_add_sub_qnl:addFP64_altfp_add_sub_qnl_component|addFP64_altbarrel_shift_02g:rbarrel_shift|sel_pipec3r1d~DUPLICATE                                                                                                                                                                             ; 37      ;
; Rule T101: Nodes with more than the specified number of fan-outs ; ntu_smachine:ntuS|addFP64:addFP64_inst2|addFP64_altfp_add_sub_qnl:addFP64_altfp_add_sub_qnl_component|addFP64_altbarrel_shift_02g:rbarrel_shift|sel_pipec4r1d~DUPLICATE                                                                                                                                                                             ; 40      ;
; Rule T101: Nodes with more than the specified number of fan-outs ; ntu_smachine:ntuS|addFP64:addFP64_inst2|addFP64_altfp_add_sub_qnl:addFP64_altfp_add_sub_qnl_component|man_leading_zeros_dffe31[2]                                                                                                                                                                                                                   ; 55      ;
; Rule T101: Nodes with more than the specified number of fan-outs ; ntu_smachine:ntuS|addFP64:addFP64_inst2|addFP64_altfp_add_sub_qnl:addFP64_altfp_add_sub_qnl_component|man_leading_zeros_dffe31[3]                                                                                                                                                                                                                   ; 55      ;
; Rule T101: Nodes with more than the specified number of fan-outs ; ntu_smachine:ntuS|addFP64:addFP64_inst2|addFP64_altfp_add_sub_qnl:addFP64_altfp_add_sub_qnl_component|man_leading_zeros_dffe31[5]                                                                                                                                                                                                                   ; 53      ;
; Rule T101: Nodes with more than the specified number of fan-outs ; ntu_smachine:ntuS|addFP64:addFP64_inst2|addFP64_altfp_add_sub_qnl:addFP64_altfp_add_sub_qnl_component|man_leading_zeros_dffe31[4]                                                                                                                                                                                                                   ; 53      ;
; Rule T101: Nodes with more than the specified number of fan-outs ; ntu_smachine:ntuS|addFP64:addFP64_inst2|addFP64_altfp_add_sub_qnl:addFP64_altfp_add_sub_qnl_component|rshift_distance_dffe13[2]                                                                                                                                                                                                                     ; 56      ;
; Rule T101: Nodes with more than the specified number of fan-outs ; Fan_Control:u0|CLK_2M                                                                                                                                                                                                                                                                                                                               ; 42      ;
; Rule T101: Nodes with more than the specified number of fan-outs ; Fan_Control:u0|I2C_Bus_Controller:u1|oCONFIG_DONE                                                                                                                                                                                                                                                                                                   ; 44      ;
; Rule T101: Nodes with more than the specified number of fan-outs ; Fan_Control:u0|lpm_divide:Div1|lpm_divide_2em:auto_generated|sign_div_unsign_7nh:divider|alt_u_div_m3f:divider|op_13~1                                                                                                                                                                                                                              ; 31      ;
; Rule T101: Nodes with more than the specified number of fan-outs ; altera_internal_jtag~TCKUTAP                                                                                                                                                                                                                                                                                                                        ; 342     ;
; Rule T101: Nodes with more than the specified number of fan-outs ; sld_hub:auto_hub|alt_sld_fab_with_jtag_input:\instrumentation_fabric_with_node_gen:fabric_gen_new_way:with_jtag_input_gen:instrumentation_fabric|alt_sld_fab:instrumentation_fabric|alt_sld_fab_alt_sld_fab:alt_sld_fab|alt_sld_fab_alt_sld_fab_sldfabric:sldfabric|sld_jtag_hub:\jtag_hub_gen:real_sld_jtag_hub|virtual_ir_scan_reg                ; 57      ;
; Rule T101: Nodes with more than the specified number of fan-outs ; sld_hub:auto_hub|alt_sld_fab_with_jtag_input:\instrumentation_fabric_with_node_gen:fabric_gen_new_way:with_jtag_input_gen:instrumentation_fabric|alt_sld_fab:instrumentation_fabric|alt_sld_fab_alt_sld_fab:alt_sld_fab|alt_sld_fab_alt_sld_fab_sldfabric:sldfabric|sld_jtag_hub:\jtag_hub_gen:real_sld_jtag_hub|sld_shadow_jsm:shadow_jsm|state[3] ; 57      ;
; Rule T101: Nodes with more than the specified number of fan-outs ; sld_hub:auto_hub|alt_sld_fab_with_jtag_input:\instrumentation_fabric_with_node_gen:fabric_gen_new_way:with_jtag_input_gen:instrumentation_fabric|alt_sld_fab:instrumentation_fabric|alt_sld_fab_alt_sld_fab:alt_sld_fab|alt_sld_fab_alt_sld_fab_sldfabric:sldfabric|sld_jtag_hub:\jtag_hub_gen:real_sld_jtag_hub|sld_shadow_jsm:shadow_jsm|state[4] ; 38      ;
; Rule T101: Nodes with more than the specified number of fan-outs ; sld_hub:auto_hub|alt_sld_fab_with_jtag_input:\instrumentation_fabric_with_node_gen:fabric_gen_new_way:with_jtag_input_gen:instrumentation_fabric|alt_sld_fab:instrumentation_fabric|alt_sld_fab_alt_sld_fab:alt_sld_fab|splitter_nodes_receive_0[3]                                                                                                 ; 36      ;
; Rule T101: Nodes with more than the specified number of fan-outs ; ~QIC_CREATED_GND~I                                                                                                                                                                                                                                                                                                                                  ; 216     ;
; Rule T101: Nodes with more than the specified number of fan-outs ; sld_signaltap:auto_signaltap_0|sld_signaltap_impl:sld_signaltap_body|sld_signaltap_implb:sld_signaltap_body|reset_all                                                                                                                                                                                                                               ; 164     ;
; Rule T101: Nodes with more than the specified number of fan-outs ; sld_signaltap:auto_signaltap_0|sld_signaltap_impl:sld_signaltap_body|sld_signaltap_implb:sld_signaltap_body|trigger_setup_ena                                                                                                                                                                                                                       ; 73      ;
; Rule T101: Nodes with more than the specified number of fan-outs ; sld_signaltap:auto_signaltap_0|sld_signaltap_impl:sld_signaltap_body|sld_signaltap_implb:sld_signaltap_body|tdo_crc_len_reg[9]~0                                                                                                                                                                                                                    ; 32      ;
; Rule T101: Nodes with more than the specified number of fan-outs ; sld_signaltap:auto_signaltap_0|sld_signaltap_impl:sld_signaltap_body|sld_signaltap_implb:sld_signaltap_body|process_0~1                                                                                                                                                                                                                             ; 32      ;
; Rule T101: Nodes with more than the specified number of fan-outs ; sld_signaltap:auto_signaltap_0|sld_signaltap_impl:sld_signaltap_body|sld_signaltap_implb:sld_signaltap_body|process_0~0                                                                                                                                                                                                                             ; 32      ;
; Rule T102: Top nodes with the highest number of fan-outs         ; pll2:comb_19|pll2_0002:pll2_inst|altera_pll:altera_pll_i|outclk_wire[0]~CLKENA0                                                                                                                                                                                                                                                                     ; 3451    ;
; Rule T102: Top nodes with the highest number of fan-outs         ; altera_internal_jtag~TCKUTAP                                                                                                                                                                                                                                                                                                                        ; 342     ;
; Rule T102: Top nodes with the highest number of fan-outs         ; sync_stage2                                                                                                                                                                                                                                                                                                                                         ; 279     ;
; Rule T102: Top nodes with the highest number of fan-outs         ; ~QIC_CREATED_GND~I                                                                                                                                                                                                                                                                                                                                  ; 216     ;
; Rule T102: Top nodes with the highest number of fan-outs         ; ntu_smachine:ntuS|addFP64:addFP64_inst2|addFP64_altfp_add_sub_qnl:addFP64_altfp_add_sub_qnl_component|add_sub_w2~0                                                                                                                                                                                                                                  ; 170     ;
; Rule T102: Top nodes with the highest number of fan-outs         ; sld_signaltap:auto_signaltap_0|sld_signaltap_impl:sld_signaltap_body|sld_signaltap_implb:sld_signaltap_body|reset_all                                                                                                                                                                                                                               ; 164     ;
; Rule T102: Top nodes with the highest number of fan-outs         ; ntu_smachine:ntuS|mulFP64_in[64]~0                                                                                                                                                                                                                                                                                                                  ; 160     ;
; Rule T102: Top nodes with the highest number of fan-outs         ; ntu_smachine:ntuS|addFP64_in[65]~1                                                                                                                                                                                                                                                                                                                  ; 142     ;
; Rule T102: Top nodes with the highest number of fan-outs         ; ntu_smachine:ntuS|addFP64:addFP64_inst2|addFP64_altfp_add_sub_qnl:addFP64_altfp_add_sub_qnl_component|exp_amb_mux_dffe14                                                                                                                                                                                                                            ; 126     ;
; Rule T102: Top nodes with the highest number of fan-outs         ; ntu_smachine:ntuS|addFP64:addFP64_inst2|addFP64_altfp_add_sub_qnl:addFP64_altfp_add_sub_qnl_component|input_datab_denormal_dffe11                                                                                                                                                                                                                   ; 88      ;
; Rule T102: Top nodes with the highest number of fan-outs         ; ntu_smachine:ntuS|addFP64:addFP64_inst2|addFP64_altfp_add_sub_qnl:addFP64_altfp_add_sub_qnl_component|input_dataa_denormal_dffe11                                                                                                                                                                                                                   ; 88      ;
; Rule T102: Top nodes with the highest number of fan-outs         ; ntu_smachine:ntuS|Equal12~1                                                                                                                                                                                                                                                                                                                         ; 80      ;
; Rule T102: Top nodes with the highest number of fan-outs         ; ntu_smachine:ntuS|addFP64:addFP64_inst2|addFP64_altfp_add_sub_qnl:addFP64_altfp_add_sub_qnl_component|lpm_add_sub:add_sub1|add_sub_6hi:auto_generated|pipeline_dffe[11]                                                                                                                                                                             ; 78      ;
; Rule T102: Top nodes with the highest number of fan-outs         ; ntu_smachine:ntuS|addFP64:addFP64_inst2|addFP64_altfp_add_sub_qnl:addFP64_altfp_add_sub_qnl_component|man_add_sub_res_mag_dffe27[55]                                                                                                                                                                                                                ; 73      ;
; Rule T102: Top nodes with the highest number of fan-outs         ; sld_signaltap:auto_signaltap_0|sld_signaltap_impl:sld_signaltap_body|sld_signaltap_implb:sld_signaltap_body|trigger_setup_ena                                                                                                                                                                                                                       ; 73      ;
; Rule T102: Top nodes with the highest number of fan-outs         ; ntu_smachine:ntuS|rB64[0]~0                                                                                                                                                                                                                                                                                                                         ; 69      ;
; Rule T102: Top nodes with the highest number of fan-outs         ; ntu_smachine:ntuS|Equal14~1                                                                                                                                                                                                                                                                                                                         ; 66      ;
; Rule T102: Top nodes with the highest number of fan-outs         ; sld_hub:auto_hub|alt_sld_fab_with_jtag_input:\instrumentation_fabric_with_node_gen:fabric_gen_new_way:with_jtag_input_gen:instrumentation_fabric|alt_sld_fab:instrumentation_fabric|alt_sld_fab_alt_sld_fab:alt_sld_fab|alt_sld_fab_alt_sld_fab_sldfabric:sldfabric|sld_jtag_hub:\jtag_hub_gen:real_sld_jtag_hub|sld_shadow_jsm:shadow_jsm|state[3] ; 57      ;
; Rule T102: Top nodes with the highest number of fan-outs         ; ntu_smachine:ntuS|addFP64:addFP64_inst2|addFP64_altfp_add_sub_qnl:addFP64_altfp_add_sub_qnl_component|man_add_sub_w[56]~0                                                                                                                                                                                                                           ; 57      ;
; Rule T102: Top nodes with the highest number of fan-outs         ; sld_hub:auto_hub|alt_sld_fab_with_jtag_input:\instrumentation_fabric_with_node_gen:fabric_gen_new_way:with_jtag_input_gen:instrumentation_fabric|alt_sld_fab:instrumentation_fabric|alt_sld_fab_alt_sld_fab:alt_sld_fab|alt_sld_fab_alt_sld_fab_sldfabric:sldfabric|sld_jtag_hub:\jtag_hub_gen:real_sld_jtag_hub|virtual_ir_scan_reg                ; 57      ;
; Rule T102: Top nodes with the highest number of fan-outs         ; ntu_smachine:ntuS|addFP64:addFP64_inst2|addFP64_altfp_add_sub_qnl:addFP64_altfp_add_sub_qnl_component|rshift_distance_dffe13[0]                                                                                                                                                                                                                     ; 56      ;
; Rule T102: Top nodes with the highest number of fan-outs         ; ntu_smachine:ntuS|altmul64:fp64_4|altmul64_altfp_mult_heq:altmul64_altfp_mult_heq_component|lpm_mult:man_product2_mult|mult_bfs:auto_generated|result_output_reg[105]                                                                                                                                                                               ; 56      ;
; Rule T102: Top nodes with the highest number of fan-outs         ; ntu_smachine:ntuS|addFP64:addFP64_inst2|addFP64_altfp_add_sub_qnl:addFP64_altfp_add_sub_qnl_component|rshift_distance_dffe13[2]                                                                                                                                                                                                                     ; 56      ;
; Rule T102: Top nodes with the highest number of fan-outs         ; ntu_smachine:ntuS|addFP64:addFP64_inst2|addFP64_altfp_add_sub_qnl:addFP64_altfp_add_sub_qnl_component|man_leading_zeros_dffe31[2]                                                                                                                                                                                                                   ; 55      ;
; Rule T102: Top nodes with the highest number of fan-outs         ; ntu_smachine:ntuS|addFP64:addFP64_inst2|addFP64_altfp_add_sub_qnl:addFP64_altfp_add_sub_qnl_component|man_leading_zeros_dffe31[3]                                                                                                                                                                                                                   ; 55      ;
; Rule T102: Top nodes with the highest number of fan-outs         ; ntu_smachine:ntuS|addFP64:addFP64_inst2|addFP64_altfp_add_sub_qnl:addFP64_altfp_add_sub_qnl_component|addFP64_altbarrel_shift_02g:rbarrel_shift|sel_pipec5r1d                                                                                                                                                                                       ; 55      ;
; Rule T102: Top nodes with the highest number of fan-outs         ; ntu_smachine:ntuS|altmul64:fp64_4|altmul64_altfp_mult_heq:altmul64_altfp_mult_heq_component|man_round_p2[53]                                                                                                                                                                                                                                        ; 54      ;
; Rule T102: Top nodes with the highest number of fan-outs         ; ntu_smachine:ntuS|addFP64:addFP64_inst2|addFP64_altfp_add_sub_qnl:addFP64_altfp_add_sub_qnl_component|man_leading_zeros_dffe31[1]~DUPLICATE                                                                                                                                                                                                         ; 53      ;
; Rule T102: Top nodes with the highest number of fan-outs         ; ntu_smachine:ntuS|addFP64:addFP64_inst2|addFP64_altfp_add_sub_qnl:addFP64_altfp_add_sub_qnl_component|man_leading_zeros_dffe31[5]                                                                                                                                                                                                                   ; 53      ;
; Rule T102: Top nodes with the highest number of fan-outs         ; ntu_smachine:ntuS|addFP64:addFP64_inst2|addFP64_altfp_add_sub_qnl:addFP64_altfp_add_sub_qnl_component|man_res_rounding_add_sub_result_reg[53]                                                                                                                                                                                                       ; 53      ;
; Rule T102: Top nodes with the highest number of fan-outs         ; ntu_smachine:ntuS|addFP64:addFP64_inst2|addFP64_altfp_add_sub_qnl:addFP64_altfp_add_sub_qnl_component|man_leading_zeros_dffe31[4]                                                                                                                                                                                                                   ; 53      ;
; Rule T102: Top nodes with the highest number of fan-outs         ; ntu_smachine:ntuS|altmul64:fp64_4|altmul64_altfp_mult_heq:altmul64_altfp_mult_heq_component|man_result_ff~2                                                                                                                                                                                                                                         ; 51      ;
; Rule T102: Top nodes with the highest number of fan-outs         ; ntu_smachine:ntuS|addFP64:addFP64_inst2|addFP64_altfp_add_sub_qnl:addFP64_altfp_add_sub_qnl_component|man_out_dffe5_wi~0                                                                                                                                                                                                                            ; 51      ;
; Rule T102: Top nodes with the highest number of fan-outs         ; ntu_smachine:ntuS|Equal4~0                                                                                                                                                                                                                                                                                                                          ; 47      ;
; Rule T102: Top nodes with the highest number of fan-outs         ; ntu_smachine:ntuS|addFP64:addFP64_inst2|addFP64_altfp_add_sub_qnl:addFP64_altfp_add_sub_qnl_component|man_leading_zeros_dffe31[0]~DUPLICATE                                                                                                                                                                                                         ; 45      ;
; Rule T102: Top nodes with the highest number of fan-outs         ; Fan_Control:u0|I2C_Bus_Controller:u1|oCONFIG_DONE                                                                                                                                                                                                                                                                                                   ; 44      ;
; Rule T102: Top nodes with the highest number of fan-outs         ; Fan_Control:u0|CLK_2M                                                                                                                                                                                                                                                                                                                               ; 42      ;
; Rule T102: Top nodes with the highest number of fan-outs         ; ntu_smachine:ntuS|addFP64:addFP64_inst2|addFP64_altfp_add_sub_qnl:addFP64_altfp_add_sub_qnl_component|addFP64_altbarrel_shift_02g:rbarrel_shift|sel_pipec4r1d~DUPLICATE                                                                                                                                                                             ; 40      ;
; Rule T102: Top nodes with the highest number of fan-outs         ; sld_hub:auto_hub|alt_sld_fab_with_jtag_input:\instrumentation_fabric_with_node_gen:fabric_gen_new_way:with_jtag_input_gen:instrumentation_fabric|alt_sld_fab:instrumentation_fabric|alt_sld_fab_alt_sld_fab:alt_sld_fab|alt_sld_fab_alt_sld_fab_sldfabric:sldfabric|sld_jtag_hub:\jtag_hub_gen:real_sld_jtag_hub|sld_shadow_jsm:shadow_jsm|state[4] ; 38      ;
; Rule T102: Top nodes with the highest number of fan-outs         ; ntu_smachine:ntuS|addFP64:addFP64_inst2|addFP64_altfp_add_sub_qnl:addFP64_altfp_add_sub_qnl_component|addFP64_altbarrel_shift_02g:rbarrel_shift|sel_pipec3r1d~DUPLICATE                                                                                                                                                                             ; 37      ;
; Rule T102: Top nodes with the highest number of fan-outs         ; sld_hub:auto_hub|alt_sld_fab_with_jtag_input:\instrumentation_fabric_with_node_gen:fabric_gen_new_way:with_jtag_input_gen:instrumentation_fabric|alt_sld_fab:instrumentation_fabric|alt_sld_fab_alt_sld_fab:alt_sld_fab|splitter_nodes_receive_0[3]                                                                                                 ; 36      ;
; Rule T102: Top nodes with the highest number of fan-outs         ; sld_signaltap:auto_signaltap_0|sld_signaltap_impl:sld_signaltap_body|sld_signaltap_implb:sld_signaltap_body|tdo_crc_len_reg[9]~0                                                                                                                                                                                                                    ; 32      ;
; Rule T102: Top nodes with the highest number of fan-outs         ; sld_signaltap:auto_signaltap_0|sld_signaltap_impl:sld_signaltap_body|sld_signaltap_implb:sld_signaltap_body|process_0~1                                                                                                                                                                                                                             ; 32      ;
; Rule T102: Top nodes with the highest number of fan-outs         ; sld_signaltap:auto_signaltap_0|sld_signaltap_impl:sld_signaltap_body|sld_signaltap_implb:sld_signaltap_body|process_0~0                                                                                                                                                                                                                             ; 32      ;
; Rule T102: Top nodes with the highest number of fan-outs         ; Fan_Control:u0|lpm_divide:Div1|lpm_divide_2em:auto_generated|sign_div_unsign_7nh:divider|alt_u_div_m3f:divider|op_13~1                                                                                                                                                                                                                              ; 31      ;
; Rule T102: Top nodes with the highest number of fan-outs         ; sld_signaltap:auto_signaltap_0|~GND                                                                                                                                                                                                                                                                                                                 ; 29      ;
; Rule T102: Top nodes with the highest number of fan-outs         ; Fan_Control:u0|lpm_divide:Div1|lpm_divide_2em:auto_generated|sign_div_unsign_7nh:divider|alt_u_div_m3f:divider|op_3~1                                                                                                                                                                                                                               ; 29      ;
; Rule T102: Top nodes with the highest number of fan-outs         ; Fan_Control:u0|lpm_divide:Div1|lpm_divide_2em:auto_generated|sign_div_unsign_7nh:divider|alt_u_div_m3f:divider|op_12~1                                                                                                                                                                                                                              ; 28      ;
; Rule T102: Top nodes with the highest number of fan-outs         ; ntu_smachine:ntuS|addFP64:addFP64_inst2|addFP64_altfp_add_sub_qnl:addFP64_altfp_add_sub_qnl_component|rshift_distance_dffe13[1]                                                                                                                                                                                                                     ; 28      ;
; Rule T102: Top nodes with the highest number of fan-outs         ; ntu_smachine:ntuS|addFP64:addFP64_inst2|addFP64_altfp_add_sub_qnl:addFP64_altfp_add_sub_qnl_component|rshift_distance_dffe13[1]~DUPLICATE                                                                                                                                                                                                           ; 28      ;
+------------------------------------------------------------------+-----------------------------------------------------------------------------------------------------------------------------------------------------------------------------------------------------------------------------------------------------------------------------------------------------------------------------------------------------+---------+


+---------------------------+
; Design Assistant Messages ;
+---------------------------+
Info: *******************************************************************
Info: Running Quartus Prime Design Assistant
    Info: Version 17.1.0 Build 590 10/25/2017 SJ Standard Edition
    Info: Processing started: Fri Sep 05 19:55:55 2025
Info: Command: quartus_drc Golden_TOP -c Golden_TOP
Warning (18236): Number of processors has not been specified which may cause overloading on shared machines.  Set the global assignment NUM_PARALLEL_PROCESSORS in your QSF to an appropriate value for best performance.
Warning (335093): TimeQuest Timing Analyzer is analyzing 11 combinational loops as latches. For more details, run the Check Timing command in the TimeQuest Timing Analyzer or view the "User-Specified and Inferred Latches" table in the Analysis & Synthesis report.
Info (332164): Evaluating HDL-embedded SDC commands
    Info (332165): Entity sld_hub
        Info (332166): create_clock -name altera_reserved_tck [get_ports {altera_reserved_tck}] -period 30MHz   
        Info (332166): if { [string equal quartus_fit $::TimeQuestInfo(nameofexecutable)] } { set_max_delay -to [get_ports { altera_reserved_tdo } ] 0 }
        Info (332166): set_clock_groups -asynchronous -group {altera_reserved_tck}
Info (332104): Reading SDC File: 'Golden_TOP.sdc'
Info (332110): Deriving PLL clocks
    Info (332110): create_generated_clock -source {comb_19|pll2_inst|altera_pll_i|general[0].gpll~FRACTIONAL_PLL|refclkin} -divide_by 2 -multiply_by 32 -duty_cycle 50.00 -name {comb_19|pll2_inst|altera_pll_i|general[0].gpll~FRACTIONAL_PLL|vcoph[0]} {comb_19|pll2_inst|altera_pll_i|general[0].gpll~FRACTIONAL_PLL|vcoph[0]}
    Info (332110): create_generated_clock -source {comb_19|pll2_inst|altera_pll_i|general[0].gpll~PLL_OUTPUT_COUNTER|vco1ph[0]} -duty_cycle 50.00 -name {comb_19|pll2_inst|altera_pll_i|general[0].gpll~PLL_OUTPUT_COUNTER|divclk} {comb_19|pll2_inst|altera_pll_i|general[0].gpll~PLL_OUTPUT_COUNTER|divclk}
Info (332151): Clock uncertainty is not calculated until you update the timing netlist.
Warning (332060): Node: Fan_Control:u0|CLK_2M was determined to be a clock but was found without an associated clock assignment.
    Info (13166): Register Fan_Control:u0|I2C_Bus_Controller:u1|i2c_read_data[5] is being clocked by Fan_Control:u0|CLK_2M
Warning (332060): Node: Fan_Control:u0|I2C_Bus_Controller:u1|system_clk was determined to be a clock but was found without an associated clock assignment.
    Info (13166): Register Fan_Control:u0|I2C_Bus_Controller:u1|i2c_state[3] is being clocked by Fan_Control:u0|I2C_Bus_Controller:u1|system_clk
Warning (332060): Node: Fan_Control:u0|I2C_Bus_Controller:u1|oCONFIG_DONE was determined to be a clock but was found without an associated clock assignment.
    Info (13166): Register Fan_Control:u0|I2C_Config:u0|FAN_INIT_INDEX[2] is being clocked by Fan_Control:u0|I2C_Bus_Controller:u1|oCONFIG_DONE
Warning (332060): Node: Fan_Control:u0|I2C_Config:u0|FAN_INIT_INDEX[0] was determined to be a clock but was found without an associated clock assignment.
    Info (13166): Latch Fan_Control:u0|I2C_Config:u0|FAN_REG_DATA[1] is being clocked by Fan_Control:u0|I2C_Config:u0|FAN_INIT_INDEX[0]
Info (332097): The following timing edges are non-unate.  TimeQuest will assume pos-unate behavior for these edges in the clock network.
    Info (332098): From: comb_19|pll2_inst|altera_pll_i|general[0].gpll~FRACTIONAL_PLL|refclkin  to: pll2:comb_19|pll2_0002:pll2_inst|altera_pll:altera_pll_i|general[0].gpll~FRACTIONAL_PLLFBCLKID
Info (332123): Deriving Clock Uncertainty. Please refer to report_sdc in TimeQuest to see clock uncertainties.
Critical Warning (308055): (High) Rule A108: Design should not contain latches. Found 11 latch(es) related to this rule.
    Critical Warning (308012): Node  "Fan_Control:u0|I2C_Config:u0|FAN_REG_DATA[1]" File: C:/home/verilog_sources/NTU_FPGA2/Fan/I2C_Config.v Line: 130
    Critical Warning (308012): Node  "Fan_Control:u0|I2C_Config:u0|FAN_REG_DATA[6]" File: C:/home/verilog_sources/NTU_FPGA2/Fan/I2C_Config.v Line: 130
    Critical Warning (308012): Node  "Fan_Control:u0|I2C_Config:u0|FAN_REG_DATA[5]" File: C:/home/verilog_sources/NTU_FPGA2/Fan/I2C_Config.v Line: 130
    Critical Warning (308012): Node  "Fan_Control:u0|I2C_Config:u0|FAN_REG_DATA[4]" File: C:/home/verilog_sources/NTU_FPGA2/Fan/I2C_Config.v Line: 130
    Critical Warning (308012): Node  "Fan_Control:u0|I2C_Config:u0|FAN_REG_DATA[0]" File: C:/home/verilog_sources/NTU_FPGA2/Fan/I2C_Config.v Line: 130
    Critical Warning (308012): Node  "Fan_Control:u0|I2C_Config:u0|FAN_REG_DATA[3]" File: C:/home/verilog_sources/NTU_FPGA2/Fan/I2C_Config.v Line: 130
    Critical Warning (308012): Node  "Fan_Control:u0|I2C_Config:u0|FAN_REG_DATA[9]" File: C:/home/verilog_sources/NTU_FPGA2/Fan/I2C_Config.v Line: 130
    Critical Warning (308012): Node  "Fan_Control:u0|I2C_Config:u0|FAN_REG_DATA[2]" File: C:/home/verilog_sources/NTU_FPGA2/Fan/I2C_Config.v Line: 130
    Critical Warning (308012): Node  "Fan_Control:u0|I2C_Config:u0|FAN_REG_DATA[11]" File: C:/home/verilog_sources/NTU_FPGA2/Fan/I2C_Config.v Line: 130
    Critical Warning (308012): Node  "Fan_Control:u0|I2C_Config:u0|FAN_REG_DATA[10]" File: C:/home/verilog_sources/NTU_FPGA2/Fan/I2C_Config.v Line: 130
    Critical Warning (308012): Node  "Fan_Control:u0|I2C_Config:u0|FAN_REG_DATA[12]" File: C:/home/verilog_sources/NTU_FPGA2/Fan/I2C_Config.v Line: 130
Critical Warning (308042): (High) Rule C105: Clock signal should be a global signal. (Reporting threshold:25). Found 2 node(s) related to this rule.
    Info (308076): The following clocks all contain more than 25 fanouts. You can either change the following clock signals to global signals, or adjust the reporting threshold in the Design Assistant Settings page.
    Critical Warning (308012): Node  "Fan_Control:u0|I2C_Bus_Controller:u1|oCONFIG_DONE" File: C:/home/verilog_sources/NTU_FPGA2/Fan/I2C_Bus_Controller.v Line: 112
    Critical Warning (308012): Node  "altera_internal_jtag~TCKUTAP"
Warning (308020): (Medium) Rule A104: Design should not contain ripple clock structures. Found 1 ripple clock structure(s) related to this rule.
    Warning (308010): Node  "Fan_Control:u0|CLK_2M" File: C:/home/verilog_sources/NTU_FPGA2/Fan/Fan_Control.v Line: 30
Warning (308040): (Medium) Rule C104: Clock signal source should drive only clock input ports. Found 1 nodes related to this rule.
    Warning (308010): Node  "Fan_Control:u0|CLK_2M" File: C:/home/verilog_sources/NTU_FPGA2/Fan/Fan_Control.v Line: 30
Warning (308023): (Medium) Rule R102: External reset signals should be synchronized using two cascaded registers. Found 1 node(s) related to this rule.
    Warning (308010): Node  "BUTTON[0]" File: C:/home/verilog_sources/NTU_FPGA2/Golden_TOP2.v Line: 55
Info (308046): (Information) Rule T101: Nodes with more than the specified number of fan-outs. (Value defined:30). Found 45 node(s) with highest fan-out.
    Info (308011): Node  "pll2:comb_19|pll2_0002:pll2_inst|altera_pll:altera_pll_i|outclk_wire[0]~CLKENA0" File: c:/intelfpga/17.1/quartus/libraries/megafunctions/altera_pll.v Line: 413
    Info (308011): Node  "ntu_smachine:ntuS|mulFP64_in[64]~0" File: C:/home/verilog_sources/NTU_FPGA2/ntu_smachine.v Line: 173
    Info (308011): Node  "sync_stage2" File: C:/home/verilog_sources/NTU_FPGA2/Golden_TOP2.v Line: 340
    Info (308011): Node  "ntu_smachine:ntuS|Equal12~1" File: C:/home/verilog_sources/NTU_FPGA2/ntu_smachine.v Line: 279
    Info (308011): Node  "ntu_smachine:ntuS|Equal14~1" File: C:/home/verilog_sources/NTU_FPGA2/ntu_smachine.v Line: 290
    Info (308011): Node  "ntu_smachine:ntuS|Equal4~0" File: C:/home/verilog_sources/NTU_FPGA2/ntu_smachine.v Line: 210
    Info (308011): Node  "ntu_smachine:ntuS|rB64[0]~0" File: C:/home/verilog_sources/NTU_FPGA2/ntu_smachine.v Line: 173
    Info (308011): Node  "ntu_smachine:ntuS|altmul64:fp64_4|altmul64_altfp_mult_heq:altmul64_altfp_mult_heq_component|lpm_mult:man_product2_mult|mult_bfs:auto_generated|result_output_reg[105]" File: C:/home/verilog_sources/NTU_FPGA2/db/mult_bfs.v Line: 73
    Info (308011): Node  "ntu_smachine:ntuS|altmul64:fp64_4|altmul64_altfp_mult_heq:altmul64_altfp_mult_heq_component|man_result_ff~2" File: C:/home/verilog_sources/NTU_FPGA2/altmul64.v Line: 116
    Info (308011): Node  "ntu_smachine:ntuS|addFP64_in[65]~1" File: C:/home/verilog_sources/NTU_FPGA2/ntu_smachine.v Line: 173
    Info (308011): Node  "ntu_smachine:ntuS|addFP64:addFP64_inst2|addFP64_altfp_add_sub_qnl:addFP64_altfp_add_sub_qnl_component|man_res_rounding_add_sub_result_reg[53]" File: C:/home/verilog_sources/NTU_FPGA2/addFP64.v Line: 2469
    Info (308011): Node  "ntu_smachine:ntuS|addFP64:addFP64_inst2|addFP64_altfp_add_sub_qnl:addFP64_altfp_add_sub_qnl_component|man_leading_zeros_dffe31[0]~DUPLICATE" File: C:/home/verilog_sources/NTU_FPGA2/addFP64.v Line: 2413
    Info (308011): Node  "ntu_smachine:ntuS|addFP64:addFP64_inst2|addFP64_altfp_add_sub_qnl:addFP64_altfp_add_sub_qnl_component|rshift_distance_dffe13[0]" File: C:/home/verilog_sources/NTU_FPGA2/addFP64.v Line: 2539
    Info (308011): Node  "ntu_smachine:ntuS|addFP64:addFP64_inst2|addFP64_altfp_add_sub_qnl:addFP64_altfp_add_sub_qnl_component|input_datab_denormal_dffe11" File: C:/home/verilog_sources/NTU_FPGA2/addFP64.v Line: 1044
    Info (308011): Node  "ntu_smachine:ntuS|addFP64:addFP64_inst2|addFP64_altfp_add_sub_qnl:addFP64_altfp_add_sub_qnl_component|addFP64_altbarrel_shift_02g:rbarrel_shift|sel_pipec5r1d" File: C:/home/verilog_sources/NTU_FPGA2/addFP64.v Line: 185
    Info (308011): Node  "ntu_smachine:ntuS|addFP64:addFP64_inst2|addFP64_altfp_add_sub_qnl:addFP64_altfp_add_sub_qnl_component|exp_amb_mux_dffe14" File: C:/home/verilog_sources/NTU_FPGA2/addFP64.v Line: 1909
    Info (308011): Node  "ntu_smachine:ntuS|addFP64:addFP64_inst2|addFP64_altfp_add_sub_qnl:addFP64_altfp_add_sub_qnl_component|lpm_add_sub:add_sub1|add_sub_6hi:auto_generated|pipeline_dffe[11]" File: C:/home/verilog_sources/NTU_FPGA2/db/add_sub_6hi.tdf Line: 32
    Info (308011): Node  "ntu_smachine:ntuS|addFP64:addFP64_inst2|addFP64_altfp_add_sub_qnl:addFP64_altfp_add_sub_qnl_component|input_dataa_denormal_dffe11" File: C:/home/verilog_sources/NTU_FPGA2/addFP64.v Line: 1036
    Info (308011): Node  "ntu_smachine:ntuS|altmul64:fp64_4|altmul64_altfp_mult_heq:altmul64_altfp_mult_heq_component|man_round_p2[53]" File: C:/home/verilog_sources/NTU_FPGA2/altmul64.v Line: 571
    Info (308011): Node  "ntu_smachine:ntuS|addFP64:addFP64_inst2|addFP64_altfp_add_sub_qnl:addFP64_altfp_add_sub_qnl_component|man_out_dffe5_wi~0" File: C:/home/verilog_sources/NTU_FPGA2/addFP64.v Line: 1517
    Info (308011): Node  "ntu_smachine:ntuS|addFP64:addFP64_inst2|addFP64_altfp_add_sub_qnl:addFP64_altfp_add_sub_qnl_component|man_add_sub_res_mag_dffe27[55]" File: C:/home/verilog_sources/NTU_FPGA2/addFP64.v Line: 2378
    Info (308011): Node  "ntu_smachine:ntuS|addFP64:addFP64_inst2|addFP64_altfp_add_sub_qnl:addFP64_altfp_add_sub_qnl_component|man_add_sub_w[56]~0" File: C:/home/verilog_sources/NTU_FPGA2/addFP64.v Line: 1508
    Info (308011): Node  "ntu_smachine:ntuS|addFP64:addFP64_inst2|addFP64_altfp_add_sub_qnl:addFP64_altfp_add_sub_qnl_component|add_sub_w2~0" File: C:/home/verilog_sources/NTU_FPGA2/addFP64.v Line: 1138
    Info (308011): Node  "ntu_smachine:ntuS|addFP64:addFP64_inst2|addFP64_altfp_add_sub_qnl:addFP64_altfp_add_sub_qnl_component|man_leading_zeros_dffe31[1]~DUPLICATE" File: C:/home/verilog_sources/NTU_FPGA2/addFP64.v Line: 2413
    Info (308011): Node  "ntu_smachine:ntuS|addFP64:addFP64_inst2|addFP64_altfp_add_sub_qnl:addFP64_altfp_add_sub_qnl_component|addFP64_altbarrel_shift_02g:rbarrel_shift|sel_pipec3r1d~DUPLICATE" File: C:/home/verilog_sources/NTU_FPGA2/addFP64.v Line: 171
    Info (308011): Node  "ntu_smachine:ntuS|addFP64:addFP64_inst2|addFP64_altfp_add_sub_qnl:addFP64_altfp_add_sub_qnl_component|addFP64_altbarrel_shift_02g:rbarrel_shift|sel_pipec4r1d~DUPLICATE" File: C:/home/verilog_sources/NTU_FPGA2/addFP64.v Line: 178
    Info (308011): Node  "ntu_smachine:ntuS|addFP64:addFP64_inst2|addFP64_altfp_add_sub_qnl:addFP64_altfp_add_sub_qnl_component|man_leading_zeros_dffe31[2]" File: C:/home/verilog_sources/NTU_FPGA2/addFP64.v Line: 2413
    Info (308011): Node  "ntu_smachine:ntuS|addFP64:addFP64_inst2|addFP64_altfp_add_sub_qnl:addFP64_altfp_add_sub_qnl_component|man_leading_zeros_dffe31[3]" File: C:/home/verilog_sources/NTU_FPGA2/addFP64.v Line: 2413
    Info (308011): Node  "ntu_smachine:ntuS|addFP64:addFP64_inst2|addFP64_altfp_add_sub_qnl:addFP64_altfp_add_sub_qnl_component|man_leading_zeros_dffe31[5]" File: C:/home/verilog_sources/NTU_FPGA2/addFP64.v Line: 2413
    Info (308011): Node  "ntu_smachine:ntuS|addFP64:addFP64_inst2|addFP64_altfp_add_sub_qnl:addFP64_altfp_add_sub_qnl_component|man_leading_zeros_dffe31[4]" File: C:/home/verilog_sources/NTU_FPGA2/addFP64.v Line: 2413
    Info (308002): Truncated list of Design Assistant messages to 30 messages. Go to sections under Design Assistant section of Compilation Report for complete lists of Design Assistant messages generated.
Info (308044): (Information) Rule T102: Top nodes with the highest number of fan-outs. (Value defined:50). Found 50 node(s) with highest fan-out.
    Info (308011): Node  "pll2:comb_19|pll2_0002:pll2_inst|altera_pll:altera_pll_i|outclk_wire[0]~CLKENA0" File: c:/intelfpga/17.1/quartus/libraries/megafunctions/altera_pll.v Line: 413
    Info (308011): Node  "altera_internal_jtag~TCKUTAP"
    Info (308011): Node  "sync_stage2" File: C:/home/verilog_sources/NTU_FPGA2/Golden_TOP2.v Line: 340
    Info (308011): Node  "~QIC_CREATED_GND~I"
    Info (308011): Node  "ntu_smachine:ntuS|addFP64:addFP64_inst2|addFP64_altfp_add_sub_qnl:addFP64_altfp_add_sub_qnl_component|add_sub_w2~0" File: C:/home/verilog_sources/NTU_FPGA2/addFP64.v Line: 1138
    Info (308011): Node  "sld_signaltap:auto_signaltap_0|sld_signaltap_impl:sld_signaltap_body|sld_signaltap_implb:sld_signaltap_body|reset_all" File: c:/intelfpga/17.1/quartus/libraries/megafunctions/sld_signaltap_impl.vhd Line: 882
    Info (308011): Node  "ntu_smachine:ntuS|mulFP64_in[64]~0" File: C:/home/verilog_sources/NTU_FPGA2/ntu_smachine.v Line: 173
    Info (308011): Node  "ntu_smachine:ntuS|addFP64_in[65]~1" File: C:/home/verilog_sources/NTU_FPGA2/ntu_smachine.v Line: 173
    Info (308011): Node  "ntu_smachine:ntuS|addFP64:addFP64_inst2|addFP64_altfp_add_sub_qnl:addFP64_altfp_add_sub_qnl_component|exp_amb_mux_dffe14" File: C:/home/verilog_sources/NTU_FPGA2/addFP64.v Line: 1909
    Info (308011): Node  "ntu_smachine:ntuS|addFP64:addFP64_inst2|addFP64_altfp_add_sub_qnl:addFP64_altfp_add_sub_qnl_component|input_datab_denormal_dffe11" File: C:/home/verilog_sources/NTU_FPGA2/addFP64.v Line: 1044
    Info (308011): Node  "ntu_smachine:ntuS|addFP64:addFP64_inst2|addFP64_altfp_add_sub_qnl:addFP64_altfp_add_sub_qnl_component|input_dataa_denormal_dffe11" File: C:/home/verilog_sources/NTU_FPGA2/addFP64.v Line: 1036
    Info (308011): Node  "ntu_smachine:ntuS|Equal12~1" File: C:/home/verilog_sources/NTU_FPGA2/ntu_smachine.v Line: 279
    Info (308011): Node  "ntu_smachine:ntuS|addFP64:addFP64_inst2|addFP64_altfp_add_sub_qnl:addFP64_altfp_add_sub_qnl_component|lpm_add_sub:add_sub1|add_sub_6hi:auto_generated|pipeline_dffe[11]" File: C:/home/verilog_sources/NTU_FPGA2/db/add_sub_6hi.tdf Line: 32
    Info (308011): Node  "ntu_smachine:ntuS|addFP64:addFP64_inst2|addFP64_altfp_add_sub_qnl:addFP64_altfp_add_sub_qnl_component|man_add_sub_res_mag_dffe27[55]" File: C:/home/verilog_sources/NTU_FPGA2/addFP64.v Line: 2378
    Info (308011): Node  "sld_signaltap:auto_signaltap_0|sld_signaltap_impl:sld_signaltap_body|sld_signaltap_implb:sld_signaltap_body|trigger_setup_ena" File: c:/intelfpga/17.1/quartus/libraries/megafunctions/sld_signaltap_impl.vhd Line: 1001
    Info (308011): Node  "ntu_smachine:ntuS|rB64[0]~0" File: C:/home/verilog_sources/NTU_FPGA2/ntu_smachine.v Line: 173
    Info (308011): Node  "ntu_smachine:ntuS|Equal14~1" File: C:/home/verilog_sources/NTU_FPGA2/ntu_smachine.v Line: 290
    Info (308011): Node  "sld_hub:auto_hub|alt_sld_fab_with_jtag_input:\instrumentation_fabric_with_node_gen:fabric_gen_new_way:with_jtag_input_gen:instrumentation_fabric|alt_sld_fab:instrumentation_fabric|alt_sld_fab_alt_sld_fab:alt_sld_fab|alt_sld_fab_alt_sld_fab_sldfabric:sldfabric|sld_jtag_hub:\jtag_hub_gen:real_sld_jtag_hub|sld_shadow_jsm:shadow_jsm|state[3]" File: c:/intelfpga/17.1/quartus/libraries/megafunctions/sld_hub.vhd Line: 1584
    Info (308011): Node  "ntu_smachine:ntuS|addFP64:addFP64_inst2|addFP64_altfp_add_sub_qnl:addFP64_altfp_add_sub_qnl_component|man_add_sub_w[56]~0" File: C:/home/verilog_sources/NTU_FPGA2/addFP64.v Line: 1508
    Info (308011): Node  "sld_hub:auto_hub|alt_sld_fab_with_jtag_input:\instrumentation_fabric_with_node_gen:fabric_gen_new_way:with_jtag_input_gen:instrumentation_fabric|alt_sld_fab:instrumentation_fabric|alt_sld_fab_alt_sld_fab:alt_sld_fab|alt_sld_fab_alt_sld_fab_sldfabric:sldfabric|sld_jtag_hub:\jtag_hub_gen:real_sld_jtag_hub|virtual_ir_scan_reg" File: c:/intelfpga/17.1/quartus/libraries/megafunctions/sld_jtag_hub.vhd Line: 247
    Info (308011): Node  "ntu_smachine:ntuS|addFP64:addFP64_inst2|addFP64_altfp_add_sub_qnl:addFP64_altfp_add_sub_qnl_component|rshift_distance_dffe13[0]" File: C:/home/verilog_sources/NTU_FPGA2/addFP64.v Line: 2539
    Info (308011): Node  "ntu_smachine:ntuS|altmul64:fp64_4|altmul64_altfp_mult_heq:altmul64_altfp_mult_heq_component|lpm_mult:man_product2_mult|mult_bfs:auto_generated|result_output_reg[105]" File: C:/home/verilog_sources/NTU_FPGA2/db/mult_bfs.v Line: 73
    Info (308011): Node  "ntu_smachine:ntuS|addFP64:addFP64_inst2|addFP64_altfp_add_sub_qnl:addFP64_altfp_add_sub_qnl_component|rshift_distance_dffe13[2]" File: C:/home/verilog_sources/NTU_FPGA2/addFP64.v Line: 2539
    Info (308011): Node  "ntu_smachine:ntuS|addFP64:addFP64_inst2|addFP64_altfp_add_sub_qnl:addFP64_altfp_add_sub_qnl_component|man_leading_zeros_dffe31[2]" File: C:/home/verilog_sources/NTU_FPGA2/addFP64.v Line: 2413
    Info (308011): Node  "ntu_smachine:ntuS|addFP64:addFP64_inst2|addFP64_altfp_add_sub_qnl:addFP64_altfp_add_sub_qnl_component|man_leading_zeros_dffe31[3]" File: C:/home/verilog_sources/NTU_FPGA2/addFP64.v Line: 2413
    Info (308011): Node  "ntu_smachine:ntuS|addFP64:addFP64_inst2|addFP64_altfp_add_sub_qnl:addFP64_altfp_add_sub_qnl_component|addFP64_altbarrel_shift_02g:rbarrel_shift|sel_pipec5r1d" File: C:/home/verilog_sources/NTU_FPGA2/addFP64.v Line: 185
    Info (308011): Node  "ntu_smachine:ntuS|altmul64:fp64_4|altmul64_altfp_mult_heq:altmul64_altfp_mult_heq_component|man_round_p2[53]" File: C:/home/verilog_sources/NTU_FPGA2/altmul64.v Line: 571
    Info (308011): Node  "ntu_smachine:ntuS|addFP64:addFP64_inst2|addFP64_altfp_add_sub_qnl:addFP64_altfp_add_sub_qnl_component|man_leading_zeros_dffe31[1]~DUPLICATE" File: C:/home/verilog_sources/NTU_FPGA2/addFP64.v Line: 2413
    Info (308011): Node  "ntu_smachine:ntuS|addFP64:addFP64_inst2|addFP64_altfp_add_sub_qnl:addFP64_altfp_add_sub_qnl_component|man_leading_zeros_dffe31[5]" File: C:/home/verilog_sources/NTU_FPGA2/addFP64.v Line: 2413
    Info (308011): Node  "ntu_smachine:ntuS|addFP64:addFP64_inst2|addFP64_altfp_add_sub_qnl:addFP64_altfp_add_sub_qnl_component|man_res_rounding_add_sub_result_reg[53]" File: C:/home/verilog_sources/NTU_FPGA2/addFP64.v Line: 2469
    Info (308002): Truncated list of Design Assistant messages to 30 messages. Go to sections under Design Assistant section of Compilation Report for complete lists of Design Assistant messages generated.
Info (308007): Design Assistant information: finished post-fitting analysis of current design -- generated 95 information messages and 16 warning messages
Info: Quartus Prime Design Assistant was successful. 0 errors, 27 warnings
    Info: Peak virtual memory: 4918 megabytes
    Info: Processing ended: Fri Sep 05 19:55:57 2025
    Info: Elapsed time: 00:00:02
    Info: Total CPU time (on all processors): 00:00:02


