Info: Starting: Create simulation model
Info: qsys-generate C:\home\QAOAHP\main\Base\Simulators\FPGA\NTU_FPGA2\Cordic168.qsys --simulation=VERILOG --allow-mixed-language-simulation --output-directory=C:\home\QAOAHP\main\Base\Simulators\FPGA\NTU_FPGA2\Cordic168\simulation --family="Stratix V" --part=5SGXEABN3F45I3YY
Progress: Loading NTU_FPGA2/Cordic168.qsys
Progress: Reading input file
Progress: Adding CORDIC_0 [altera_CORDIC 17.1]
Progress: Parameterizing module CORDIC_0
Progress: Building connections
Progress: Parameterizing connections
Progress: Validating
Progress: Done reading input file
Info: Cordic168: Generating Cordic168 "Cordic168" for SIM_VERILOG
Info: CORDIC_0: C:/intelfpga/17.1/quartus/dspba/backend/windows64/cmdPolyEval -target StratixV -frequency 500 -name Cordic168_CORDIC_0 -noChanValid -faithfulRounding -printMachineReadable -lang VHDL -speedgrade 3_H3 FXPSinCosCordic 56 53 1 53
Info: CORDIC_0: Latency on Stratix V is 167 cycles
Info: CORDIC_0: DSP Blocks Used: 0
Info: CORDIC_0: LUTs Used: 30671
Info: CORDIC_0: Memory Bits Used: 0
Info: CORDIC_0: Memory Blocks Used: 0
Info: CORDIC_0: "Cordic168" instantiated altera_CORDIC "CORDIC_0"
Info: Cordic168: Done "Cordic168" with 2 modules, 4 files
Info: qsys-generate succeeded.
Info: Finished: Create simulation model
Info: Starting: Create Modelsim Project.
Info: sim-script-gen --spd=C:\home\QAOAHP\main\Base\Simulators\FPGA\NTU_FPGA2\Cordic168\Cordic168.spd --output-directory=C:/home/QAOAHP/main/Base/Simulators/FPGA/NTU_FPGA2/Cordic168/simulation/ --use-relative-paths=true
Info: Doing: ip-make-simscript --spd=C:\home\QAOAHP\main\Base\Simulators\FPGA\NTU_FPGA2\Cordic168\Cordic168.spd --output-directory=C:/home/QAOAHP/main/Base/Simulators/FPGA/NTU_FPGA2/Cordic168/simulation/ --use-relative-paths=true
Info: Generating the following file(s) for MODELSIM simulator in C:/home/QAOAHP/main/Base/Simulators/FPGA/NTU_FPGA2/Cordic168/simulation/ directory:
Info: 	mentor/msim_setup.tcl
Info: Skipping VCS script generation since VHDL file $QUARTUS_INSTALL_DIR/eda/sim_lib/altera_syn_attributes.vhd is required for simulation
Info: Generating the following file(s) for VCSMX simulator in C:/home/QAOAHP/main/Base/Simulators/FPGA/NTU_FPGA2/Cordic168/simulation/ directory:
Info: 	synopsys/vcsmx/synopsys_sim.setup
Info: 	synopsys/vcsmx/vcsmx_setup.sh
Info: Generating the following file(s) for NCSIM simulator in C:/home/QAOAHP/main/Base/Simulators/FPGA/NTU_FPGA2/Cordic168/simulation/ directory:
Info: 	cadence/cds.lib
Info: 	cadence/hdl.var
Info: 	cadence/ncsim_setup.sh
Info: 	1 .cds.lib files in cadence/cds_libs/ directory
Info: Generating the following file(s) for RIVIERA simulator in C:/home/QAOAHP/main/Base/Simulators/FPGA/NTU_FPGA2/Cordic168/simulation/ directory:
Info: 	aldec/rivierapro_setup.tcl
Info: For information on how to simulate your IP, see the explanatory comments in the simulator-specific subdirectories under C:/home/QAOAHP/main/Base/Simulators/FPGA/NTU_FPGA2/Cordic168/simulation/.
Info: Regenerate these scripts whenever you make any change to any Quartus-generated IP in your project.
Info: Finished: Create Modelsim Project.
Info: Starting: Create block symbol file (.bsf)
Info: qsys-generate C:\home\QAOAHP\main\Base\Simulators\FPGA\NTU_FPGA2\Cordic168.qsys --block-symbol-file --output-directory=C:\home\QAOAHP\main\Base\Simulators\FPGA\NTU_FPGA2\Cordic168 --family="Stratix V" --part=5SGXEABN3F45I3YY
Progress: Loading NTU_FPGA2/Cordic168.qsys
Progress: Reading input file
Progress: Adding CORDIC_0 [altera_CORDIC 17.1]
Progress: Parameterizing module CORDIC_0
Progress: Building connections
Progress: Parameterizing connections
Progress: Validating
Progress: Done reading input file
Info: qsys-generate succeeded.
Info: Finished: Create block symbol file (.bsf)
Info: 
Info: Starting: Create HDL design files for synthesis
Info: qsys-generate C:\home\QAOAHP\main\Base\Simulators\FPGA\NTU_FPGA2\Cordic168.qsys --synthesis=VERILOG --output-directory=C:\home\QAOAHP\main\Base\Simulators\FPGA\NTU_FPGA2\Cordic168\synthesis --family="Stratix V" --part=5SGXEABN3F45I3YY
Progress: Loading NTU_FPGA2/Cordic168.qsys
Progress: Reading input file
Progress: Adding CORDIC_0 [altera_CORDIC 17.1]
Progress: Parameterizing module CORDIC_0
Progress: Building connections
Progress: Parameterizing connections
Progress: Validating
Progress: Done reading input file
Info: Cordic168: Generating Cordic168 "Cordic168" for QUARTUS_SYNTH
Info: CORDIC_0: C:/intelfpga/17.1/quartus/dspba/backend/windows64/cmdPolyEval -target StratixV -frequency 500 -name Cordic168_CORDIC_0 -noChanValid -faithfulRounding -printMachineReadable -lang VHDL -speedgrade 3_H3 FXPSinCosCordic 56 53 1 53
Info: CORDIC_0: Latency on Stratix V is 167 cycles
Info: CORDIC_0: DSP Blocks Used: 0
Info: CORDIC_0: LUTs Used: 30671
Info: CORDIC_0: Memory Bits Used: 0
Info: CORDIC_0: Memory Blocks Used: 0
Info: CORDIC_0: "Cordic168" instantiated altera_CORDIC "CORDIC_0"
Info: Cordic168: Done "Cordic168" with 2 modules, 4 files
Info: qsys-generate succeeded.
Info: Finished: Create HDL design files for synthesis
